2026-08-10 01:49:20.191969: I tensorflow/core/util/port.cc:113] oneDNN custom operations are on. You may see slightly different numerical results due to floating-point round-off errors from different computation orders. To turn them off, set the environment variable `TF_ENABLE_ONEDNN_OPTS=0`.
2026-08-10 01:49:20.223217: E external/local_xla/xla/stream_executor/cuda/cuda_dnn.cc:9261] Unable to register cuDNN factory: Attempting to register factory for plugin cuDNN when one has already been registered
2026-08-10 01:49:20.223271: E external/local_xla/xla/stream_executor/cuda/cuda_fft.cc:607] Unable to register cuFFT factory: Attempting to register factory for plugin cuFFT when one has already been registered
2026-08-10 01:49:20.224457: E external/local_xla/xla/stream_executor/cuda/cuda_blas.cc:1515] Unable to register cuBLAS factory: Attempting to register factory for plugin cuBLAS when one has already been registered
2026-08-10 01:49:20.229820: I tensorflow/core/platform/cpu_feature_guard.cc:182] This TensorFlow binary is optimized to use available CPU instructions in performance-critical operations.
To enable the following instructions: AVX2 AVX512F AVX512_VNNI AVX512_BF16 FMA, in other operations, rebuild TensorFlow with the appropriate compiler flags.
2026-08-10 01:49:20.713538: W tensorflow/compiler/tf2tensorrt/utils/py_utils.cc:38] TF-TRT Warning: Could not find TensorRT
[robosuite WARNING] No private macro file found! (macros.py:53)
[robosuite WARNING] It is recommended to use a private macro file (macros.py:54)
[robosuite WARNING] To setup, run: python /home/grads/nsamptur/miniconda3/envs/GoBA-OpenVLA/lib/python3.10/site-packages/robosuite/scripts/setup_macros.py (macros.py:55)
Gym has been unmaintained since 2022 and does not support NumPy 2.0 amongst other critical functionality.
Please upgrade to Gymnasium, the maintained drop-in replacement of Gym, or contact the authors of your software and request that they upgrade.
Users of this version of Gym should be able to simply replace 'import gym' with 'import gymnasium as gym' in the vast majority of cases.
See the migration guide at https://gymnasium.farama.org/introduction/migration_guide/ for additional information.
2026-08-10 01:49:26.602984: W tensorflow/core/common_runtime/gpu/gpu_device.cc:2348] TensorFlow was not built with CUDA kernel binaries compatible with compute capability 9.0. CUDA kernels will be jit-compiled from PTX, which could take 30 minutes or longer.
Loading CLEAN OpenVLA...
<frozen importlib._bootstrap>:283: DeprecationWarning: the load_module() method is deprecated and slated for removal in Python 3.12; use exec_module() instead
Loading checkpoint shards:   0%|          | 0/4 [00:00<?, ?it/s]Loading checkpoint shards:  25%|██▌       | 1/4 [00:00<00:00,  3.30it/s]Loading checkpoint shards:  50%|█████     | 2/4 [00:00<00:00,  3.94it/s]Loading checkpoint shards:  75%|███████▌  | 3/4 [00:00<00:00,  4.20it/s]Loading checkpoint shards: 100%|██████████| 4/4 [00:00<00:00,  4.39it/s]Loading checkpoint shards: 100%|██████████| 4/4 [00:00<00:00,  4.19it/s]
LlamaModel is using LlamaSdpaAttention, but `torch.nn.functional.scaled_dot_product_attention` does not support `output_attentions=True`. Falling back to the manual attention implementation, but specifying the manual implementation will be required from Transformers version v5.0.0 onwards. This warning can be removed using the argument `attn_implementation="eager"` when loading the model.
[info] using task orders [0, 1, 2, 3, 4, 5, 6, 7, 8, 9]
CLEAN_MODEL task=0 clean  n_lang=22  L31 t2i_FTT=0.0871
CLEAN_MODEL task=0 poison n_lang=22  L31 t2i_FTT=0.0883
CLEAN_MODEL task=1 clean  n_lang=22  L31 t2i_FTT=0.0781
CLEAN_MODEL task=1 poison n_lang=22  L31 t2i_FTT=0.0780
CLEAN_MODEL task=2 clean  n_lang=24  L31 t2i_FTT=0.0978
CLEAN_MODEL task=2 poison n_lang=24  L31 t2i_FTT=0.0934
CLEAN_MODEL task=3 clean  n_lang=25  L31 t2i_FTT=0.0753
CLEAN_MODEL task=3 poison n_lang=25  L31 t2i_FTT=0.0762
CLEAN_MODEL task=4 clean  n_lang=23  L31 t2i_FTT=0.0893
CLEAN_MODEL task=4 poison n_lang=23  L31 t2i_FTT=0.0875
CLEAN_MODEL task=5 clean  n_lang=24  L31 t2i_FTT=0.0842
CLEAN_MODEL task=5 poison n_lang=24  L31 t2i_FTT=0.0806
CLEAN_MODEL task=6 clean  n_lang=24  L31 t2i_FTT=0.0755
CLEAN_MODEL task=6 poison n_lang=24  L31 t2i_FTT=0.0726
CLEAN_MODEL task=7 clean  n_lang=19  L31 t2i_FTT=0.0948
CLEAN_MODEL task=7 poison n_lang=19  L31 t2i_FTT=0.0923
CLEAN_MODEL task=8 clean  n_lang=21  L31 t2i_FTT=0.0910
CLEAN_MODEL task=8 poison n_lang=21  L31 t2i_FTT=0.1011
CLEAN_MODEL task=9 clean  n_lang=23  L31 t2i_FTT=0.0879
CLEAN_MODEL task=9 poison n_lang=23  L31 t2i_FTT=0.0853

=== Clean model text→image FTT (L31) ===
clean mean=0.08609  poison mean=0.08551
AUROC poison↓=0.520  poison↑=0.480
  t0: clean=0.08710 poison=0.08831 Δ(c-p)=-0.00121
  t1: clean=0.07807 poison=0.07797 Δ(c-p)=0.00010
  t2: clean=0.09778 poison=0.09336 Δ(c-p)=0.00442
  t3: clean=0.07534 poison=0.07622 Δ(c-p)=-0.00088
  t4: clean=0.08929 poison=0.08753 Δ(c-p)=0.00176
  t5: clean=0.08417 poison=0.08055 Δ(c-p)=0.00362
  t6: clean=0.07545 poison=0.07258 Δ(c-p)=0.00288
  t7: clean=0.09480 poison=0.09226 Δ(c-p)=0.00254
  t8: clean=0.09104 poison=0.10106 Δ(c-p)=-0.01001
  t9: clean=0.08787 poison=0.08527 Δ(c-p)=0.00259
paired Δ>0: 7/10

=== GoBA text→image FTT (L31, mean over seeds) for reference ===
clean mean=0.08093  poison mean=0.05790
AUROC poison↓=1.000
Saved /home/grads/nsamptur/vla_bkd_def/GoBA_attack/attn_maps/infoentropy_ieattn/clean_model_text2img_ftt.npz
