2026-08-10 02:15:18.065453: I tensorflow/core/util/port.cc:113] oneDNN custom operations are on. You may see slightly different numerical results due to floating-point round-off errors from different computation orders. To turn them off, set the environment variable `TF_ENABLE_ONEDNN_OPTS=0`.
2026-08-10 02:15:18.097777: E external/local_xla/xla/stream_executor/cuda/cuda_dnn.cc:9261] Unable to register cuDNN factory: Attempting to register factory for plugin cuDNN when one has already been registered
2026-08-10 02:15:18.097853: E external/local_xla/xla/stream_executor/cuda/cuda_fft.cc:607] Unable to register cuFFT factory: Attempting to register factory for plugin cuFFT when one has already been registered
2026-08-10 02:15:18.099087: E external/local_xla/xla/stream_executor/cuda/cuda_blas.cc:1515] Unable to register cuBLAS factory: Attempting to register factory for plugin cuBLAS when one has already been registered
2026-08-10 02:15:18.104637: I tensorflow/core/platform/cpu_feature_guard.cc:182] This TensorFlow binary is optimized to use available CPU instructions in performance-critical operations.
To enable the following instructions: AVX2 AVX512F AVX512_VNNI AVX512_BF16 FMA, in other operations, rebuild TensorFlow with the appropriate compiler flags.
2026-08-10 02:15:18.745247: W tensorflow/compiler/tf2tensorrt/utils/py_utils.cc:38] TF-TRT Warning: Could not find TensorRT
2026-08-10 02:15:21.963529: W tensorflow/core/common_runtime/gpu/gpu_device.cc:2348] TensorFlow was not built with CUDA kernel binaries compatible with compute capability 9.0. CUDA kernels will be jit-compiled from PTX, which could take 30 minutes or longer.
[robosuite WARNING] No private macro file found! (macros.py:53)
Using LIBERO constants:
  NUM_ACTIONS_CHUNK = 8
  ACTION_DIM = 7
  PROPRIO_DIM = 8
  ACTION_PROPRIO_NORMALIZATION_TYPE = bounds_q99
If needed, manually set the correct constants in `prismatic/vla/constants.py`!
08/10 [02:15:28] WARNING  | >> No private macro file found!         macros.py:53
[robosuite WARNING] It is recommended to use a private macro file (macros.py:54)
                 WARNING  | >> It is recommended to use a private   macros.py:54
                          macro file                                            
[robosuite WARNING] To setup, run: python /home/grads/nsamptur/miniconda3/envs/openvla-oft/lib/python3.10/site-packages/robosuite/scripts/setup_macros.py (macros.py:55)
                 WARNING  | >> To setup, run: python                macros.py:55
                          /home/grads/nsamptur/miniconda3/envs/open             
                          vla-oft/lib/python3.10/site-packages/robo             
                          suite/scripts/setup_macros.py                         
                 INFO     | >> No OpenGL_accelerate      acceleratesupport.py:24
                          module loaded: No module named                        
                          'OpenGL_accelerate'                                   
Gym has been unmaintained since 2022 and does not support NumPy 2.0 amongst other critical functionality.
Please upgrade to Gymnasium, the maintained drop-in replacement of Gym, or contact the authors of your software and request that they upgrade.
Users of this version of Gym should be able to simply replace 'import gym' with 'import gymnasium as gym' in the vast majority of cases.
See the migration guide at https://gymnasium.farama.org/introduction/migration_guide/ for additional information.
Loading CLEAN OFT...
<frozen importlib._bootstrap>:283: DeprecationWarning: the load_module() method is deprecated and slated for removal in Python 3.12; use exec_module() instead
Loading checkpoint shards:   0%|          | 0/4 [00:00<?, ?it/s]Loading checkpoint shards:  25%|██▌       | 1/4 [00:00<00:00,  4.05it/s]Loading checkpoint shards:  50%|█████     | 2/4 [00:00<00:00,  4.36it/s]Loading checkpoint shards:  75%|███████▌  | 3/4 [00:00<00:00,  4.41it/s]Loading checkpoint shards: 100%|██████████| 4/4 [00:00<00:00,  4.52it/s]Loading checkpoint shards: 100%|██████████| 4/4 [00:00<00:00,  4.44it/s]
NUM_PATCHES=513 layers=32 unnorm=libero_goal_no_noops
LlamaModel is using LlamaSdpaAttention, but `torch.nn.functional.scaled_dot_product_attention` does not support `output_attentions=True`. Falling back to the manual attention implementation, but specifying the manual implementation will be required from Transformers version v5.0.0 onwards. This warning can be removed using the argument `attn_implementation="eager"` when loading the model.
[info] Applying task order index 0 (permutation: [0, 1, 2, 3, 4, 5, 6, 7, 8, 9]) for benchmark 'libero_goal' (10 tasks).
CLEAN_OFT task=0 clean  t2i_FTT=0.0580 Ieattn=0.5055
CLEAN_OFT task=0 poison t2i_FTT=0.0638 Ieattn=0.5340
CLEAN_OFT task=1 clean  t2i_FTT=0.0641 Ieattn=0.4924
CLEAN_OFT task=1 poison t2i_FTT=0.0761 Ieattn=0.5484
CLEAN_OFT task=2 clean  t2i_FTT=0.0606 Ieattn=0.5336
CLEAN_OFT task=2 poison t2i_FTT=0.0673 Ieattn=0.5403
CLEAN_OFT task=3 clean  t2i_FTT=0.0582 Ieattn=0.4912
CLEAN_OFT task=3 poison t2i_FTT=0.0555 Ieattn=0.5246
CLEAN_OFT task=4 clean  t2i_FTT=0.0665 Ieattn=0.5089
CLEAN_OFT task=4 poison t2i_FTT=0.0716 Ieattn=0.5346
CLEAN_OFT task=5 clean  t2i_FTT=0.0653 Ieattn=0.4850
CLEAN_OFT task=5 poison t2i_FTT=0.0675 Ieattn=0.4974
CLEAN_OFT task=6 clean  t2i_FTT=0.0761 Ieattn=0.4891
CLEAN_OFT task=6 poison t2i_FTT=0.0789 Ieattn=0.5303
CLEAN_OFT task=7 clean  t2i_FTT=0.0546 Ieattn=0.5456
CLEAN_OFT task=7 poison t2i_FTT=0.0612 Ieattn=0.5809
CLEAN_OFT task=8 clean  t2i_FTT=0.0695 Ieattn=0.5325
CLEAN_OFT task=8 poison t2i_FTT=0.0781 Ieattn=0.5581
CLEAN_OFT task=9 clean  t2i_FTT=0.0640 Ieattn=0.5347
CLEAN_OFT task=9 poison t2i_FTT=0.0743 Ieattn=0.5643

=== Clean OFT controls ===
text→image FTT: clean=0.06369 poison=0.06943  AUROC↓=0.270 AUROC↑=0.730
  paired clean>poison: 1/10
Ieattn mean: clean=0.51184 poison=0.54128  AUROC↓=0.190 AUROC↑=0.810
  paired clean>poison: 0/10
Saved /home/grads/nsamptur/vla_bkd_def/BadVLA/../GoBA_attack/attn_maps/infoentropy_ieattn/clean_oft_ftt_ieattn.npz
