2026-08-10 01:31:19.151658: I tensorflow/core/util/port.cc:113] oneDNN custom operations are on. You may see slightly different numerical results due to floating-point round-off errors from different computation orders. To turn them off, set the environment variable `TF_ENABLE_ONEDNN_OPTS=0`.
2026-08-10 01:31:19.183062: E external/local_xla/xla/stream_executor/cuda/cuda_dnn.cc:9261] Unable to register cuDNN factory: Attempting to register factory for plugin cuDNN when one has already been registered
2026-08-10 01:31:19.183138: E external/local_xla/xla/stream_executor/cuda/cuda_fft.cc:607] Unable to register cuFFT factory: Attempting to register factory for plugin cuFFT when one has already been registered
2026-08-10 01:31:19.184612: E external/local_xla/xla/stream_executor/cuda/cuda_blas.cc:1515] Unable to register cuBLAS factory: Attempting to register factory for plugin cuBLAS when one has already been registered
2026-08-10 01:31:19.190014: I tensorflow/core/platform/cpu_feature_guard.cc:182] This TensorFlow binary is optimized to use available CPU instructions in performance-critical operations.
To enable the following instructions: AVX2 AVX512F AVX512_VNNI AVX512_BF16 FMA, in other operations, rebuild TensorFlow with the appropriate compiler flags.
2026-08-10 01:31:19.677158: W tensorflow/compiler/tf2tensorrt/utils/py_utils.cc:38] TF-TRT Warning: Could not find TensorRT
[robosuite WARNING] No private macro file found! (macros.py:53)
[robosuite WARNING] It is recommended to use a private macro file (macros.py:54)
[robosuite WARNING] To setup, run: python /home/grads/nsamptur/miniconda3/envs/GoBA-OpenVLA/lib/python3.10/site-packages/robosuite/scripts/setup_macros.py (macros.py:55)
Gym has been unmaintained since 2022 and does not support NumPy 2.0 amongst other critical functionality.
Please upgrade to Gymnasium, the maintained drop-in replacement of Gym, or contact the authors of your software and request that they upgrade.
Users of this version of Gym should be able to simply replace 'import gym' with 'import gymnasium as gym' in the vast majority of cases.
See the migration guide at https://gymnasium.farama.org/introduction/migration_guide/ for additional information.
2026-08-10 01:31:25.372750: W tensorflow/core/common_runtime/gpu/gpu_device.cc:2348] TensorFlow was not built with CUDA kernel binaries compatible with compute capability 9.0. CUDA kernels will be jit-compiled from PTX, which could take 30 minutes or longer.
Loading GoBA...
<frozen importlib._bootstrap>:283: DeprecationWarning: the load_module() method is deprecated and slated for removal in Python 3.12; use exec_module() instead
Loading checkpoint shards:   0%|          | 0/3 [00:00<?, ?it/s]Loading checkpoint shards:  33%|███▎      | 1/3 [00:00<00:00,  3.39it/s]Loading checkpoint shards:  67%|██████▋   | 2/3 [00:00<00:00,  3.97it/s]Loading checkpoint shards: 100%|██████████| 3/3 [00:00<00:00,  4.20it/s]Loading checkpoint shards: 100%|██████████| 3/3 [00:00<00:00,  4.06it/s]
patches=256 layers=32
LlamaModel is using LlamaSdpaAttention, but `torch.nn.functional.scaled_dot_product_attention` does not support `output_attentions=True`. Falling back to the manual attention implementation, but specifying the manual implementation will be required from Transformers version v5.0.0 onwards. This warning can be removed using the argument `attn_implementation="eager"` when loading the model.
[info] using task orders [0, 1, 2, 3, 4, 5, 6, 7, 8, 9]
GoBA task=0 clean  T=10  jac_consec=0.763 meanIe=0.658 maxIe=0.981
GoBA task=0 poison T=10  jac_consec=0.617 meanIe=0.641 maxIe=0.974
GoBA task=1 clean  T=10  jac_consec=0.668 meanIe=0.659 maxIe=0.980
GoBA task=1 poison T=10  jac_consec=0.617 meanIe=0.632 maxIe=0.975
GoBA task=2 clean  T=10  jac_consec=0.703 meanIe=0.659 maxIe=0.985
GoBA task=2 poison T=10  jac_consec=0.718 meanIe=0.637 maxIe=0.978
GoBA task=3 clean  T=10  jac_consec=0.712 meanIe=0.649 maxIe=0.982
GoBA task=3 poison T=10  jac_consec=0.656 meanIe=0.633 maxIe=0.979
GoBA task=4 clean  T=10  jac_consec=0.668 meanIe=0.662 maxIe=0.983
GoBA task=4 poison T=10  jac_consec=0.781 meanIe=0.636 maxIe=0.978
GoBA task=5 clean  T=10  jac_consec=0.710 meanIe=0.647 maxIe=0.980
GoBA task=5 poison T=10  jac_consec=0.686 meanIe=0.626 maxIe=0.976
GoBA task=6 clean  T=10  jac_consec=0.709 meanIe=0.664 maxIe=0.982
GoBA task=6 poison T=10  jac_consec=0.650 meanIe=0.634 maxIe=0.980
GoBA task=7 clean  T=10  jac_consec=0.622 meanIe=0.673 maxIe=0.983
GoBA task=7 poison T=10  jac_consec=0.638 meanIe=0.650 maxIe=0.979
GoBA task=8 clean  T=10  jac_consec=0.739 meanIe=0.665 maxIe=0.983
GoBA task=8 poison T=10  jac_consec=0.655 meanIe=0.641 maxIe=0.979
GoBA task=9 clean  T=10  jac_consec=0.714 meanIe=0.679 maxIe=0.984
GoBA task=9 poison T=10  jac_consec=0.681 meanIe=0.648 maxIe=0.980
Saved 20 episodes -> /home/grads/nsamptur/vla_bkd_def/GoBA_attack/attn_maps/infoentropy_ieattn/goba_ieattn.npz
