2026-08-10 02:33:40.881810: I tensorflow/core/util/port.cc:113] oneDNN custom operations are on. You may see slightly different numerical results due to floating-point round-off errors from different computation orders. To turn them off, set the environment variable `TF_ENABLE_ONEDNN_OPTS=0`.
2026-08-10 02:33:40.913239: E external/local_xla/xla/stream_executor/cuda/cuda_dnn.cc:9261] Unable to register cuDNN factory: Attempting to register factory for plugin cuDNN when one has already been registered
2026-08-10 02:33:40.913312: E external/local_xla/xla/stream_executor/cuda/cuda_fft.cc:607] Unable to register cuFFT factory: Attempting to register factory for plugin cuFFT when one has already been registered
2026-08-10 02:33:40.914538: E external/local_xla/xla/stream_executor/cuda/cuda_blas.cc:1515] Unable to register cuBLAS factory: Attempting to register factory for plugin cuBLAS when one has already been registered
2026-08-10 02:33:40.920118: I tensorflow/core/platform/cpu_feature_guard.cc:182] This TensorFlow binary is optimized to use available CPU instructions in performance-critical operations.
To enable the following instructions: AVX2 AVX512F AVX512_VNNI AVX512_BF16 FMA, in other operations, rebuild TensorFlow with the appropriate compiler flags.
2026-08-10 02:33:41.562663: W tensorflow/compiler/tf2tensorrt/utils/py_utils.cc:38] TF-TRT Warning: Could not find TensorRT
2026-08-10 02:33:44.740729: W tensorflow/core/common_runtime/gpu/gpu_device.cc:2348] TensorFlow was not built with CUDA kernel binaries compatible with compute capability 9.0. CUDA kernels will be jit-compiled from PTX, which could take 30 minutes or longer.
[robosuite WARNING] No private macro file found! (macros.py:53)
Using LIBERO constants:
  NUM_ACTIONS_CHUNK = 8
  ACTION_DIM = 7
  PROPRIO_DIM = 8
  ACTION_PROPRIO_NORMALIZATION_TYPE = bounds_q99
If needed, manually set the correct constants in `prismatic/vla/constants.py`!
08/10 [02:33:50] WARNING  | >> No private macro file found!         macros.py:53
[robosuite WARNING] It is recommended to use a private macro file (macros.py:54)
                 WARNING  | >> It is recommended to use a private   macros.py:54
                          macro file                                            
[robosuite WARNING] To setup, run: python /home/grads/nsamptur/miniconda3/envs/openvla-oft/lib/python3.10/site-packages/robosuite/scripts/setup_macros.py (macros.py:55)
                 WARNING  | >> To setup, run: python                macros.py:55
                          /home/grads/nsamptur/miniconda3/envs/open             
                          vla-oft/lib/python3.10/site-packages/robo             
                          suite/scripts/setup_macros.py                         
                 INFO     | >> No OpenGL_accelerate      acceleratesupport.py:24
                          module loaded: No module named                        
                          'OpenGL_accelerate'                                   
Gym has been unmaintained since 2022 and does not support NumPy 2.0 amongst other critical functionality.
Please upgrade to Gymnasium, the maintained drop-in replacement of Gym, or contact the authors of your software and request that they upgrade.
Users of this version of Gym should be able to simply replace 'import gym' with 'import gymnasium as gym' in the vast majority of cases.
See the migration guide at https://gymnasium.farama.org/introduction/migration_guide/ for additional information.

=== badvla ===
<frozen importlib._bootstrap>:283: DeprecationWarning: the load_module() method is deprecated and slated for removal in Python 3.12; use exec_module() instead
Loading checkpoint shards:   0%|          | 0/4 [00:00<?, ?it/s]Loading checkpoint shards:  25%|██▌       | 1/4 [00:00<00:00,  4.02it/s]Loading checkpoint shards:  50%|█████     | 2/4 [00:00<00:00,  4.31it/s]Loading checkpoint shards:  75%|███████▌  | 3/4 [00:00<00:00,  4.43it/s]Loading checkpoint shards: 100%|██████████| 4/4 [00:00<00:00,  4.59it/s]Loading checkpoint shards: 100%|██████████| 4/4 [00:00<00:00,  4.48it/s]
LlamaModel is using LlamaSdpaAttention, but `torch.nn.functional.scaled_dot_product_attention` does not support `output_attentions=True`. Falling back to the manual attention implementation, but specifying the manual implementation will be required from Transformers version v5.0.0 onwards. This warning can be removed using the argument `attn_implementation="eager"` when loading the model.
[info] Applying task order index 0 (permutation: [0, 1, 2, 3, 4, 5, 6, 7, 8, 9]) for benchmark 'libero_goal' (10 tasks).
badvla t=0 clean  FTT=0.04661 KL=0.12559 JS=0.03107
badvla t=0 poison FTT=0.00795 KL=0.01226 JS=0.00303
badvla t=1 clean  FTT=0.05456 KL=0.13100 JS=0.03239
badvla t=1 poison FTT=0.00771 KL=0.01177 JS=0.00291
badvla t=2 clean  FTT=0.04957 KL=0.13399 JS=0.03303
badvla t=2 poison FTT=0.00841 KL=0.01329 JS=0.00328
badvla t=3 clean  FTT=0.05297 KL=0.13695 JS=0.03361
badvla t=3 poison FTT=0.00809 KL=0.01277 JS=0.00315
badvla t=4 clean  FTT=0.05432 KL=0.13645 JS=0.03369
badvla t=4 poison FTT=0.00818 KL=0.01278 JS=0.00316
badvla t=5 clean  FTT=0.05631 KL=0.14693 JS=0.03610
badvla t=5 poison FTT=0.00790 KL=0.01213 JS=0.00299
badvla t=6 clean  FTT=0.05993 KL=0.13576 JS=0.03330
badvla t=6 poison FTT=0.00788 KL=0.01221 JS=0.00301
badvla t=7 clean  FTT=0.04617 KL=0.12360 JS=0.03054
badvla t=7 poison FTT=0.00732 KL=0.01109 JS=0.00274
badvla t=8 clean  FTT=0.06512 KL=0.15180 JS=0.03749
badvla t=8 poison FTT=0.00787 KL=0.01210 JS=0.00299
badvla t=9 clean  FTT=0.04994 KL=0.12608 JS=0.03106
badvla t=9 poison FTT=0.00801 KL=0.01251 JS=0.00309
badvla       FTT                  AUROC=1.000 clean=0.05355 poison=0.00793 poison↓=True paired_c>p=10/10
badvla       mean KL(p_i‖p̄)      AUROC=1.000 clean=0.13482 poison=0.01229 poison↓=True paired_c>p=10/10
badvla       mean JS(p_i,p̄)      AUROC=1.000 clean=0.03323 poison=0.00303 poison↓=True paired_c>p=10/10

=== clean_oft ===
<frozen importlib._bootstrap>:283: DeprecationWarning: the load_module() method is deprecated and slated for removal in Python 3.12; use exec_module() instead
Loading checkpoint shards:   0%|          | 0/4 [00:00<?, ?it/s]Loading checkpoint shards:  25%|██▌       | 1/4 [00:00<00:00,  3.70it/s]Loading checkpoint shards:  50%|█████     | 2/4 [00:00<00:00,  4.00it/s]Loading checkpoint shards:  75%|███████▌  | 3/4 [00:00<00:00,  4.13it/s]Loading checkpoint shards: 100%|██████████| 4/4 [00:00<00:00,  4.25it/s]Loading checkpoint shards: 100%|██████████| 4/4 [00:00<00:00,  4.15it/s]
[info] Applying task order index 0 (permutation: [0, 1, 2, 3, 4, 5, 6, 7, 8, 9]) for benchmark 'libero_goal' (10 tasks).
clean_oft t=0 clean  FTT=0.05802 KL=0.12425 JS=0.03063
clean_oft t=0 poison FTT=0.06381 KL=0.14290 JS=0.03508
clean_oft t=1 clean  FTT=0.06407 KL=0.13000 JS=0.03199
clean_oft t=1 poison FTT=0.07611 KL=0.16483 JS=0.04038
clean_oft t=2 clean  FTT=0.06060 KL=0.13844 JS=0.03367
clean_oft t=2 poison FTT=0.06731 KL=0.17241 JS=0.04192
clean_oft t=3 clean  FTT=0.05823 KL=0.12299 JS=0.03017
clean_oft t=3 poison FTT=0.05554 KL=0.12410 JS=0.03009
clean_oft t=4 clean  FTT=0.06651 KL=0.14934 JS=0.03682
clean_oft t=4 poison FTT=0.07157 KL=0.16628 JS=0.04088
clean_oft t=5 clean  FTT=0.06532 KL=0.13608 JS=0.03343
clean_oft t=5 poison FTT=0.06751 KL=0.15290 JS=0.03741
clean_oft t=6 clean  FTT=0.07611 KL=0.14052 JS=0.03473
clean_oft t=6 poison FTT=0.07890 KL=0.16451 JS=0.04035
clean_oft t=7 clean  FTT=0.05457 KL=0.13422 JS=0.03295
clean_oft t=7 poison FTT=0.06119 KL=0.14098 JS=0.03427
clean_oft t=8 clean  FTT=0.06952 KL=0.15371 JS=0.03763
clean_oft t=8 poison FTT=0.07808 KL=0.17535 JS=0.04256
clean_oft t=9 clean  FTT=0.06396 KL=0.13141 JS=0.03231
clean_oft t=9 poison FTT=0.07433 KL=0.14425 JS=0.03546
clean_oft    FTT                  AUROC=0.730 clean=0.06369 poison=0.06943 poison↓=False paired_c>p=1/10
clean_oft    mean KL(p_i‖p̄)      AUROC=0.840 clean=0.13610 poison=0.15485 poison↓=False paired_c>p=0/10
clean_oft    mean JS(p_i,p̄)      AUROC=0.820 clean=0.03343 poison=0.03784 poison↓=False paired_c>p=1/10
# Calibration-free KL vs FTT — BadVLA family (text→image, L31)

Within-sample `mean_i KL(p_i || p̄)` / JS; no clean reference set.
Seed=7, tasks 0–9, clean vs white-block trigger.

## badvla

| metric | AUROC | clean | poison | poison↓? | paired clean>poison |
|---|---:|---:|---:|---|---:|
| FTT | 1.000 | 0.05355 | 0.00793 | yes | 10/10 |
| mean KL(p_i‖p̄) | 1.000 | 0.13482 | 0.01229 | yes | 10/10 |
| mean JS(p_i,p̄) | 1.000 | 0.03323 | 0.00303 | yes | 10/10 |

## clean_oft

| metric | AUROC | clean | poison | poison↓? | paired clean>poison |
|---|---:|---:|---:|---|---:|
| FTT | 0.730 | 0.06369 | 0.06943 | no | 1/10 |
| mean KL(p_i‖p̄) | 0.840 | 0.13610 | 0.15485 | no | 0/10 |
| mean JS(p_i,p̄) | 0.820 | 0.03343 | 0.03784 | no | 1/10 |

Saved /home/grads/nsamptur/vla_bkd_def/BadVLA/../GoBA_attack/attn_maps/infoentropy_ieattn/kl_vs_ftt_badvla_family.npz
