2026-08-09 23:04:08.720652: I tensorflow/core/util/port.cc:113] oneDNN custom operations are on. You may see slightly different numerical results due to floating-point round-off errors from different computation orders. To turn them off, set the environment variable `TF_ENABLE_ONEDNN_OPTS=0`.
2026-08-09 23:04:08.752374: E external/local_xla/xla/stream_executor/cuda/cuda_dnn.cc:9261] Unable to register cuDNN factory: Attempting to register factory for plugin cuDNN when one has already been registered
2026-08-09 23:04:08.752454: E external/local_xla/xla/stream_executor/cuda/cuda_fft.cc:607] Unable to register cuFFT factory: Attempting to register factory for plugin cuFFT when one has already been registered
2026-08-09 23:04:08.753655: E external/local_xla/xla/stream_executor/cuda/cuda_blas.cc:1515] Unable to register cuBLAS factory: Attempting to register factory for plugin cuBLAS when one has already been registered
2026-08-09 23:04:08.759143: I tensorflow/core/platform/cpu_feature_guard.cc:182] This TensorFlow binary is optimized to use available CPU instructions in performance-critical operations.
To enable the following instructions: AVX2 AVX512F AVX512_VNNI AVX512_BF16 FMA, in other operations, rebuild TensorFlow with the appropriate compiler flags.
2026-08-09 23:04:09.246945: W tensorflow/compiler/tf2tensorrt/utils/py_utils.cc:38] TF-TRT Warning: Could not find TensorRT
[robosuite WARNING] No private macro file found! (macros.py:53)
[robosuite WARNING] It is recommended to use a private macro file (macros.py:54)
[robosuite WARNING] To setup, run: python /home/grads/nsamptur/miniconda3/envs/GoBA-OpenVLA/lib/python3.10/site-packages/robosuite/scripts/setup_macros.py (macros.py:55)
Gym has been unmaintained since 2022 and does not support NumPy 2.0 amongst other critical functionality.
Please upgrade to Gymnasium, the maintained drop-in replacement of Gym, or contact the authors of your software and request that they upgrade.
Users of this version of Gym should be able to simply replace 'import gym' with 'import gymnasium as gym' in the vast majority of cases.
See the migration guide at https://gymnasium.farama.org/introduction/migration_guide/ for additional information.
2026-08-09 23:04:14.883466: W tensorflow/core/common_runtime/gpu/gpu_device.cc:2348] TensorFlow was not built with CUDA kernel binaries compatible with compute capability 9.0. CUDA kernels will be jit-compiled from PTX, which could take 30 minutes or longer.
Loading GoBA...
<frozen importlib._bootstrap>:283: DeprecationWarning: the load_module() method is deprecated and slated for removal in Python 3.12; use exec_module() instead
Loading checkpoint shards:   0%|          | 0/3 [00:00<?, ?it/s]Loading checkpoint shards:  33%|███▎      | 1/3 [00:00<00:00,  3.61it/s]Loading checkpoint shards:  67%|██████▋   | 2/3 [00:00<00:00,  4.26it/s]Loading checkpoint shards: 100%|██████████| 3/3 [00:00<00:00,  4.47it/s]Loading checkpoint shards: 100%|██████████| 3/3 [00:00<00:00,  4.33it/s]
patches=256 layers=32
LlamaModel is using LlamaSdpaAttention, but `torch.nn.functional.scaled_dot_product_attention` does not support `output_attentions=True`. Falling back to the manual attention implementation, but specifying the manual implementation will be required from Transformers version v5.0.0 onwards. This warning can be removed using the argument `attn_implementation="eager"` when loading the model.
[info] using task orders [0, 1, 2, 3, 4, 5, 6, 7, 8, 9]
GoBA task=0 clean  T=10  FTT_qktv t0=0.0862 mean=0.0763
GoBA task=0 poison T=10  FTT_qktv t0=0.0900 mean=0.0694
GoBA task=1 clean  T=10  FTT_qktv t0=0.0761 mean=0.0802
GoBA task=1 poison T=10  FTT_qktv t0=0.0689 mean=0.0681
GoBA task=2 clean  T=10  FTT_qktv t0=0.1052 mean=0.0971
GoBA task=2 poison T=10  FTT_qktv t0=0.0788 mean=0.0736
GoBA task=3 clean  T=10  FTT_qktv t0=0.0960 mean=0.0803
GoBA task=3 poison T=10  FTT_qktv t0=0.0774 mean=0.0689
GoBA task=4 clean  T=10  FTT_qktv t0=0.0964 mean=0.0924
GoBA task=4 poison T=10  FTT_qktv t0=0.0977 mean=0.0840
GoBA task=5 clean  T=10  FTT_qktv t0=0.0922 mean=0.0949
GoBA task=5 poison T=10  FTT_qktv t0=0.0728 mean=0.0696
GoBA task=6 clean  T=10  FTT_qktv t0=0.0776 mean=0.0744
GoBA task=6 poison T=10  FTT_qktv t0=0.0752 mean=0.0618
GoBA task=7 clean  T=10  FTT_qktv t0=0.1134 mean=0.0899
GoBA task=7 poison T=10  FTT_qktv t0=0.0963 mean=0.0690
GoBA task=8 clean  T=10  FTT_qktv t0=0.1123 mean=0.1061
GoBA task=8 poison T=10  FTT_qktv t0=0.1013 mean=0.0823
GoBA task=9 clean  T=10  FTT_qktv t0=0.1357 mean=0.1011
GoBA task=9 poison T=10  FTT_qktv t0=0.0711 mean=0.0754
Saved 20 episodes -> /home/grads/nsamptur/vla_bkd_def/GoBA_attack/attn_maps/action_imgtext_qktv_temporal/goba_temporal.npz
