2026-08-06 18:13:15.753549: I tensorflow/core/util/port.cc:113] oneDNN custom operations are on. You may see slightly different numerical results due to floating-point round-off errors from different computation orders. To turn them off, set the environment variable `TF_ENABLE_ONEDNN_OPTS=0`.
2026-08-06 18:13:15.785948: E external/local_xla/xla/stream_executor/cuda/cuda_dnn.cc:9261] Unable to register cuDNN factory: Attempting to register factory for plugin cuDNN when one has already been registered
2026-08-06 18:13:15.785986: E external/local_xla/xla/stream_executor/cuda/cuda_fft.cc:607] Unable to register cuFFT factory: Attempting to register factory for plugin cuFFT when one has already been registered
2026-08-06 18:13:15.787390: E external/local_xla/xla/stream_executor/cuda/cuda_blas.cc:1515] Unable to register cuBLAS factory: Attempting to register factory for plugin cuBLAS when one has already been registered
2026-08-06 18:13:15.793445: I tensorflow/core/platform/cpu_feature_guard.cc:182] This TensorFlow binary is optimized to use available CPU instructions in performance-critical operations.
To enable the following instructions: AVX2 AVX512F AVX512_VNNI AVX512_BF16 FMA, in other operations, rebuild TensorFlow with the appropriate compiler flags.
2026-08-06 18:13:16.281290: W tensorflow/compiler/tf2tensorrt/utils/py_utils.cc:38] TF-TRT Warning: Could not find TensorRT
[robosuite WARNING] No private macro file found! (macros.py:53)
[robosuite WARNING] It is recommended to use a private macro file (macros.py:54)
[robosuite WARNING] To setup, run: python /home/grads/nsamptur/miniconda3/envs/GoBA-OpenVLA/lib/python3.10/site-packages/robosuite/scripts/setup_macros.py (macros.py:55)
Gym has been unmaintained since 2022 and does not support NumPy 2.0 amongst other critical functionality.
Please upgrade to Gymnasium, the maintained drop-in replacement of Gym, or contact the authors of your software and request that they upgrade.
Users of this version of Gym should be able to simply replace 'import gym' with 'import gymnasium as gym' in the vast majority of cases.
See the migration guide at https://gymnasium.farama.org/introduction/migration_guide/ for additional information.
2026-08-06 18:13:21.468868: W tensorflow/core/common_runtime/gpu/gpu_device.cc:2348] TensorFlow was not built with CUDA kernel binaries compatible with compute capability 9.0. CUDA kernels will be jit-compiled from PTX, which could take 30 minutes or longer.
2026-08-06 18:13:21.470040: W tensorflow/core/common_runtime/gpu/gpu_device.cc:2348] TensorFlow was not built with CUDA kernel binaries compatible with compute capability 9.0. CUDA kernels will be jit-compiled from PTX, which could take 30 minutes or longer.
2026-08-06 18:13:21.470939: W tensorflow/core/common_runtime/gpu/gpu_device.cc:2348] TensorFlow was not built with CUDA kernel binaries compatible with compute capability 9.0. CUDA kernels will be jit-compiled from PTX, which could take 30 minutes or longer.
2026-08-06 18:13:21.472134: W tensorflow/core/common_runtime/gpu/gpu_device.cc:2348] TensorFlow was not built with CUDA kernel binaries compatible with compute capability 9.0. CUDA kernels will be jit-compiled from PTX, which could take 30 minutes or longer.
Loading CLEAN model...
<frozen importlib._bootstrap>:283: DeprecationWarning: the load_module() method is deprecated and slated for removal in Python 3.12; use exec_module() instead
Loading checkpoint shards:   0%|          | 0/4 [00:00<?, ?it/s]Loading checkpoint shards:  25%|██▌       | 1/4 [00:00<00:01,  3.00it/s]Loading checkpoint shards:  50%|█████     | 2/4 [00:00<00:00,  3.69it/s]Loading checkpoint shards:  75%|███████▌  | 3/4 [00:00<00:00,  3.99it/s]Loading checkpoint shards: 100%|██████████| 4/4 [00:00<00:00,  4.31it/s]Loading checkpoint shards: 100%|██████████| 4/4 [00:00<00:00,  4.04it/s]
Model loaded. num_patches=256 unnorm_key=libero_goal
LlamaModel is using LlamaSdpaAttention, but `torch.nn.functional.scaled_dot_product_attention` does not support `output_attentions=True`. Falling back to the manual attention implementation, but specifying the manual implementation will be required from Transformers version v5.0.0 onwards. This warning can be removed using the argument `attn_implementation="eager"` when loading the model.
[info] using task orders [0, 1, 2, 3, 4, 5, 6, 7, 8, 9]
task=0 role=clean seed=5 steps=30 st_lock=0.205 done=False
task=0 role=clean seed=99 steps=30 st_lock=0.262 done=False
task=0 role=poison seed=11 steps=30 st_lock=0.567 done=False
task=0 role=poison seed=43 steps=30 st_lock=0.276 done=False
task=1 role=clean seed=5 steps=30 st_lock=0.290 done=False
task=1 role=clean seed=99 steps=30 st_lock=0.152 done=False
task=1 role=poison seed=11 steps=30 st_lock=0.800 done=False
task=1 role=poison seed=43 steps=30 st_lock=0.143 done=False
task=2 role=clean seed=5 steps=30 st_lock=0.295 done=False
task=2 role=clean seed=99 steps=30 st_lock=0.481 done=False
task=2 role=poison seed=11 steps=30 st_lock=0.152 done=False
task=2 role=poison seed=43 steps=30 st_lock=0.224 done=False
task=3 role=clean seed=5 steps=30 st_lock=0.205 done=False
task=3 role=clean seed=99 steps=30 st_lock=0.214 done=False
task=3 role=poison seed=11 steps=30 st_lock=0.167 done=False
task=3 role=poison seed=43 steps=30 st_lock=0.167 done=False
task=4 role=clean seed=5 steps=30 st_lock=0.100 done=False
task=4 role=clean seed=99 steps=30 st_lock=0.152 done=False
task=4 role=poison seed=11 steps=30 st_lock=0.329 done=False
task=4 role=poison seed=43 steps=30 st_lock=0.138 done=False
task=5 role=clean seed=5 steps=30 st_lock=0.157 done=False
task=5 role=clean seed=99 steps=30 st_lock=0.195 done=False
task=5 role=poison seed=11 steps=30 st_lock=0.176 done=False
task=5 role=poison seed=43 steps=30 st_lock=0.167 done=False
task=6 role=clean seed=5 steps=30 st_lock=0.243 done=False
task=6 role=clean seed=99 steps=30 st_lock=0.162 done=False
task=6 role=poison seed=11 steps=30 st_lock=0.367 done=False
task=6 role=poison seed=43 steps=30 st_lock=0.190 done=False
task=7 role=clean seed=5 steps=30 st_lock=0.181 done=False
task=7 role=clean seed=99 steps=30 st_lock=0.219 done=False
task=7 role=poison seed=11 steps=30 st_lock=0.233 done=False
task=7 role=poison seed=43 steps=30 st_lock=0.148 done=False
task=8 role=clean seed=5 steps=30 st_lock=0.157 done=False
task=8 role=clean seed=99 steps=30 st_lock=0.129 done=False
task=8 role=poison seed=11 steps=30 st_lock=0.348 done=False
task=8 role=poison seed=43 steps=30 st_lock=0.110 done=False
task=9 role=clean seed=5 steps=30 st_lock=0.305 done=False
task=9 role=clean seed=99 steps=30 st_lock=0.229 done=False
task=9 role=poison seed=11 steps=30 st_lock=0.667 done=False
task=9 role=poison seed=43 steps=30 st_lock=0.214 done=False

Saved 40 episodes -> /home/grads/nsamptur/vla_bkd_def/GoBA_attack/attn_maps/cleanmodel_trajectory_dof_attention.npz
