==========================================================================================
TASK-DISJOINT VALIDATION: calibrate on clean tasks 0-4, evaluate ONLY tasks 5-9
(n per role on held-out tasks: 25 clean_test, 25 poison, 25 ketchup, 25 milk)
==========================================================================================
layer |  -- seed-disjoint (reference) --  |      ---- TASK-disjoint ----     
      |   poison  ketchup    milk     gap |   poison  ketchup    milk     gap
------------------------------------------------------------------------------------------
    0 |    0.580    0.680   0.720  -0.140 |    0.578    0.680   0.720  -0.142
    2 |    0.561    0.680   0.680  -0.119 |    0.568    0.680   0.680  -0.112
    4 |    0.678    0.670   0.707  -0.029 |    0.682    0.686   0.710  -0.029
    6 |    0.760    0.640   0.682  +0.078 |    0.776    0.659   0.691  +0.085
    8 |    0.738    0.719   0.663  +0.018 |    0.755    0.741   0.685  +0.014
   10 |    0.696    0.673   0.612  +0.024 |    0.718    0.683   0.629  +0.035
   12 |    0.669    0.540   0.567  +0.102 |    0.707    0.565   0.587  +0.120
   14 |    0.760    0.557   0.566  +0.194 |    0.742    0.563   0.562  +0.179
   16 |    0.946    0.594   0.540  +0.352 |    0.928    0.595   0.557  +0.333
   18 |    0.976    0.602   0.551  +0.374 |    0.965    0.603   0.571  +0.362
   20 |    0.989    0.589   0.545  +0.400 |    0.981    0.592   0.555  +0.389
   22 |    0.983    0.585   0.539  +0.398 |    0.987    0.586   0.565  +0.402
   24 |    0.999    0.566   0.576  +0.424 |    0.998    0.560   0.597  +0.402
   26 |    1.000    0.554   0.588  +0.412 |    1.000    0.550   0.618  +0.382
   28 |    1.000    0.505   0.575  +0.425 |    1.000    0.509   0.606  +0.394
   30 |    1.000    0.531   0.677  +0.323 |    1.000    0.555   0.702  +0.298
   32 |    1.000    0.516   0.650  +0.350 |    1.000    0.550   0.699  +0.301

seed-disjoint: best gap layer 27 (+0.430); early(0-5) -0.062, deep(27-32) +0.378
TASK-disjoint: best gap layer 27 (+0.406); early(0-5) -0.060, deep(27-32) +0.344
gap at layer 27 (chosen on seed-disjoint) under task-disjoint eval: +0.406

==========================================================================================
DEPLOYMENT OPERATING POINT: layer-27 Mahalanobis
fit mu/sd on 30 clean scenes (seeds [7, 42, 1234]); threshold from 20 held-out clean scenes (seeds [2026, 31337]):
median + 3*1.4826*MAD = 92.65 + 3*15.36 = 138.72
(score margin: max clean/decoy = 128.26, min poison = 152.26 -- zero overlap)
==========================================================================================
role                n  fire-rate   (fire = score > threshold)
------------------------------------------------
poison             50     100.0%
clean_test         50       0.0%
decoy_ketchup      50       0.0%
decoy_milk         50       0.0%

f_norm (fires when BELOW median - 3*1.4826*MAD = 0.0434):
poison             50       0.0%
clean_test         50       0.0%
decoy_ketchup      50       0.0%
decoy_milk         50       0.0%

==========================================================================================
HEADLINE AUROC TABLE (seed-disjoint, n=50/role)
==========================================================================================
detector             |   poison |  ketchup |    milk |  spec. gap
------------------------------------------------------------------
f_norm (attention)   |   0.9688 |   0.6144 |  0.5772 |    +0.3544
Mahalanobis L27      |   1.0000 |   0.5088 |  0.5700 |    +0.4300
Mahalanobis pooled   |   0.7932 |   0.6104 |  0.6560 |    +0.1372
Mahalanobis L0       |   0.5796 |   0.6800 |  0.7200 |    -0.1404

Figure saved -> /home/grads/nsamptur/vla_bkd_def/GoBA_attack/attn_maps/FIGURE_specificity_by_layer.png
