2026-08-09 21:48:01.758637: I tensorflow/core/util/port.cc:113] oneDNN custom operations are on. You may see slightly different numerical results due to floating-point round-off errors from different computation orders. To turn them off, set the environment variable `TF_ENABLE_ONEDNN_OPTS=0`.
2026-08-09 21:48:01.789709: E external/local_xla/xla/stream_executor/cuda/cuda_dnn.cc:9261] Unable to register cuDNN factory: Attempting to register factory for plugin cuDNN when one has already been registered
2026-08-09 21:48:01.789777: E external/local_xla/xla/stream_executor/cuda/cuda_fft.cc:607] Unable to register cuFFT factory: Attempting to register factory for plugin cuFFT when one has already been registered
2026-08-09 21:48:01.790967: E external/local_xla/xla/stream_executor/cuda/cuda_blas.cc:1515] Unable to register cuBLAS factory: Attempting to register factory for plugin cuBLAS when one has already been registered
2026-08-09 21:48:01.796396: I tensorflow/core/platform/cpu_feature_guard.cc:182] This TensorFlow binary is optimized to use available CPU instructions in performance-critical operations.
To enable the following instructions: AVX2 AVX512F AVX512_VNNI AVX512_BF16 FMA, in other operations, rebuild TensorFlow with the appropriate compiler flags.
2026-08-09 21:48:02.282423: W tensorflow/compiler/tf2tensorrt/utils/py_utils.cc:38] TF-TRT Warning: Could not find TensorRT
[robosuite WARNING] No private macro file found! (macros.py:53)
[robosuite WARNING] It is recommended to use a private macro file (macros.py:54)
[robosuite WARNING] To setup, run: python /home/grads/nsamptur/miniconda3/envs/GoBA-OpenVLA/lib/python3.10/site-packages/robosuite/scripts/setup_macros.py (macros.py:55)
Gym has been unmaintained since 2022 and does not support NumPy 2.0 amongst other critical functionality.
Please upgrade to Gymnasium, the maintained drop-in replacement of Gym, or contact the authors of your software and request that they upgrade.
Users of this version of Gym should be able to simply replace 'import gym' with 'import gymnasium as gym' in the vast majority of cases.
See the migration guide at https://gymnasium.farama.org/introduction/migration_guide/ for additional information.
2026-08-09 21:48:07.846151: W tensorflow/core/common_runtime/gpu/gpu_device.cc:2348] TensorFlow was not built with CUDA kernel binaries compatible with compute capability 9.0. CUDA kernels will be jit-compiled from PTX, which could take 30 minutes or longer.
Loading model...
<frozen importlib._bootstrap>:283: DeprecationWarning: the load_module() method is deprecated and slated for removal in Python 3.12; use exec_module() instead
Loading checkpoint shards:   0%|          | 0/3 [00:00<?, ?it/s]Loading checkpoint shards:  33%|███▎      | 1/3 [00:00<00:00,  3.47it/s]Loading checkpoint shards:  67%|██████▋   | 2/3 [00:00<00:00,  4.06it/s]Loading checkpoint shards: 100%|██████████| 3/3 [00:00<00:00,  4.41it/s]Loading checkpoint shards: 100%|██████████| 3/3 [00:00<00:00,  4.23it/s]
Model loaded. num_patches=256
LlamaModel is using LlamaSdpaAttention, but `torch.nn.functional.scaled_dot_product_attention` does not support `output_attentions=True`. Falling back to the manual attention implementation, but specifying the manual implementation will be required from Transformers version v5.0.0 onwards. This warning can be removed using the argument `attn_implementation="eager"` when loading the model.
[info] using task orders [0, 1, 2, 3, 4, 5, 6, 7, 8, 9]
task=0 role=clean          seed=       7 n_lang=22 L31: a2i=0.0643 a2t=0.0911 a2it=0.0968 t2i=0.0867
task=0 role=clean          seed=      42 n_lang=22 L31: a2i=0.0592 a2t=0.0893 a2it=0.0956 t2i=0.0863
task=0 role=clean          seed=    1234 n_lang=22 L31: a2i=0.0708 a2t=0.1095 a2it=0.1212 t2i=0.0947
task=0 role=clean          seed=    2026 n_lang=22 L31: a2i=0.0531 a2t=0.0874 a2it=0.0994 t2i=0.0799
task=0 role=clean          seed=   31337 n_lang=22 L31: a2i=0.0787 a2t=0.1079 a2it=0.1125 t2i=0.0918
task=0 role=poison         seed=      11 n_lang=22 L31: a2i=0.0523 a2t=0.0799 a2it=0.0771 t2i=0.0596
task=0 role=poison         seed=      43 n_lang=22 L31: a2i=0.0504 a2t=0.0874 a2it=0.0984 t2i=0.0583
task=0 role=poison         seed=    1337 n_lang=22 L31: a2i=0.0476 a2t=0.0804 a2it=0.0907 t2i=0.0553
task=0 role=poison         seed=    2027 n_lang=22 L31: a2i=0.0457 a2t=0.0901 a2it=0.0974 t2i=0.0572
task=0 role=poison         seed=   31338 n_lang=22 L31: a2i=0.0461 a2t=0.0643 a2it=0.0676 t2i=0.0577
task=0 role=decoy_ketchup  seed=       6 n_lang=22 L31: a2i=0.0642 a2t=0.0766 a2it=0.0878 t2i=0.0891
task=0 role=decoy_ketchup  seed=     100 n_lang=22 L31: a2i=0.0794 a2t=0.1198 a2it=0.1313 t2i=0.0892
task=0 role=decoy_ketchup  seed=     555 n_lang=22 L31: a2i=0.0750 a2t=0.0824 a2it=0.0892 t2i=0.0973
task=0 role=decoy_ketchup  seed=    8888 n_lang=22 L31: a2i=0.0767 a2t=0.0934 a2it=0.0966 t2i=0.0947
task=0 role=decoy_ketchup  seed=   24680 n_lang=22 L31: a2i=0.0634 a2t=0.0929 a2it=0.0965 t2i=0.0865
task=0 role=decoy_milk     seed=       8 n_lang=22 L31: a2i=0.0556 a2t=0.0987 a2it=0.1153 t2i=0.0815
task=0 role=decoy_milk     seed=     101 n_lang=22 L31: a2i=0.0696 a2t=0.0941 a2it=0.0967 t2i=0.0843
task=0 role=decoy_milk     seed=     556 n_lang=22 L31: a2i=0.0795 a2t=0.1194 a2it=0.1163 t2i=0.0794
task=0 role=decoy_milk     seed=    8889 n_lang=22 L31: a2i=0.0606 a2t=0.0959 a2it=0.1027 t2i=0.0872
task=0 role=decoy_milk     seed=   24681 n_lang=22 L31: a2i=0.0736 a2t=0.0822 a2it=0.0857 t2i=0.0732
task=1 role=clean          seed=       7 n_lang=22 L31: a2i=0.0521 a2t=0.0826 a2it=0.0827 t2i=0.0766
task=1 role=clean          seed=      42 n_lang=22 L31: a2i=0.0482 a2t=0.0898 a2it=0.0944 t2i=0.0806
task=1 role=clean          seed=    1234 n_lang=22 L31: a2i=0.0500 a2t=0.0840 a2it=0.0801 t2i=0.0843
task=1 role=clean          seed=    2026 n_lang=22 L31: a2i=0.0493 a2t=0.0805 a2it=0.0749 t2i=0.0768
task=1 role=clean          seed=   31337 n_lang=22 L31: a2i=0.0538 a2t=0.1074 a2it=0.1094 t2i=0.0698
task=1 role=poison         seed=      11 n_lang=22 L31: a2i=0.0440 a2t=0.0742 a2it=0.0850 t2i=0.0536
task=1 role=poison         seed=      43 n_lang=22 L31: a2i=0.0499 a2t=0.0793 a2it=0.0872 t2i=0.0568
task=1 role=poison         seed=    1337 n_lang=22 L31: a2i=0.0512 a2t=0.0784 a2it=0.0873 t2i=0.0548
task=1 role=poison         seed=    2027 n_lang=22 L31: a2i=0.0508 a2t=0.0701 a2it=0.0675 t2i=0.0621
task=1 role=poison         seed=   31338 n_lang=22 L31: a2i=0.0452 a2t=0.0729 a2it=0.0849 t2i=0.0518
task=1 role=decoy_ketchup  seed=       6 n_lang=22 L31: a2i=0.0809 a2t=0.0946 a2it=0.0978 t2i=0.0780
task=1 role=decoy_ketchup  seed=     100 n_lang=22 L31: a2i=0.0621 a2t=0.0906 a2it=0.0912 t2i=0.0842
task=1 role=decoy_ketchup  seed=     555 n_lang=22 L31: a2i=0.0705 a2t=0.0827 a2it=0.0849 t2i=0.0870
task=1 role=decoy_ketchup  seed=    8888 n_lang=22 L31: a2i=0.0565 a2t=0.0991 a2it=0.0990 t2i=0.0829
task=1 role=decoy_ketchup  seed=   24680 n_lang=22 L31: a2i=0.0851 a2t=0.0998 a2it=0.1173 t2i=0.0894
task=1 role=decoy_milk     seed=       8 n_lang=22 L31: a2i=0.0528 a2t=0.0755 a2it=0.0845 t2i=0.0714
task=1 role=decoy_milk     seed=     101 n_lang=22 L31: a2i=0.0504 a2t=0.0792 a2it=0.0902 t2i=0.0713
task=1 role=decoy_milk     seed=     556 n_lang=22 L31: a2i=0.0628 a2t=0.0959 a2it=0.1011 t2i=0.0777
task=1 role=decoy_milk     seed=    8889 n_lang=22 L31: a2i=0.0691 a2t=0.0904 a2it=0.0978 t2i=0.0750
task=1 role=decoy_milk     seed=   24681 n_lang=22 L31: a2i=0.0548 a2t=0.0919 a2it=0.0950 t2i=0.0648
task=2 role=clean          seed=       7 n_lang=24 L31: a2i=0.0709 a2t=0.1284 a2it=0.1290 t2i=0.1082
task=2 role=clean          seed=      42 n_lang=24 L31: a2i=0.0720 a2t=0.1213 a2it=0.1220 t2i=0.0974
task=2 role=clean          seed=    1234 n_lang=24 L31: a2i=0.0595 a2t=0.1138 a2it=0.1140 t2i=0.0968
task=2 role=clean          seed=    2026 n_lang=24 L31: a2i=0.0777 a2t=0.0744 a2it=0.0801 t2i=0.0777
task=2 role=clean          seed=   31337 n_lang=24 L31: a2i=0.0697 a2t=0.1052 a2it=0.1028 t2i=0.1042
task=2 role=poison         seed=      11 n_lang=24 L31: a2i=0.0563 a2t=0.0758 a2it=0.0860 t2i=0.0620
task=2 role=poison         seed=      43 n_lang=24 L31: a2i=0.0706 a2t=0.0903 a2it=0.0973 t2i=0.0625
task=2 role=poison         seed=    1337 n_lang=24 L31: a2i=0.0494 a2t=0.0756 a2it=0.0753 t2i=0.0557
task=2 role=poison         seed=    2027 n_lang=24 L31: a2i=0.0563 a2t=0.0874 a2it=0.0853 t2i=0.0645
task=2 role=poison         seed=   31338 n_lang=24 L31: a2i=0.0576 a2t=0.0640 a2it=0.0723 t2i=0.0585
task=2 role=decoy_ketchup  seed=       6 n_lang=24 L31: a2i=0.0622 a2t=0.0937 a2it=0.0893 t2i=0.0863
task=2 role=decoy_ketchup  seed=     100 n_lang=24 L31: a2i=0.0774 a2t=0.0896 a2it=0.0907 t2i=0.0894
task=2 role=decoy_ketchup  seed=     555 n_lang=24 L31: a2i=0.0687 a2t=0.1026 a2it=0.1143 t2i=0.0924
task=2 role=decoy_ketchup  seed=    8888 n_lang=24 L31: a2i=0.0668 a2t=0.0898 a2it=0.1033 t2i=0.1016
task=2 role=decoy_ketchup  seed=   24680 n_lang=24 L31: a2i=0.0640 a2t=0.1109 a2it=0.1233 t2i=0.0898
task=2 role=decoy_milk     seed=       8 n_lang=24 L31: a2i=0.0636 a2t=0.1075 a2it=0.1165 t2i=0.0911
task=2 role=decoy_milk     seed=     101 n_lang=24 L31: a2i=0.0598 a2t=0.1091 a2it=0.1113 t2i=0.0818
task=2 role=decoy_milk     seed=     556 n_lang=24 L31: a2i=0.0682 a2t=0.0986 a2it=0.0980 t2i=0.0899
task=2 role=decoy_milk     seed=    8889 n_lang=24 L31: a2i=0.0691 a2t=0.1074 a2it=0.1160 t2i=0.0784
task=2 role=decoy_milk     seed=   24681 n_lang=24 L31: a2i=0.0963 a2t=0.1129 a2it=0.1201 t2i=0.0867
task=3 role=clean          seed=       7 n_lang=25 L31: a2i=0.0708 a2t=0.0956 a2it=0.0957 t2i=0.0696
task=3 role=clean          seed=      42 n_lang=25 L31: a2i=0.0673 a2t=0.0974 a2it=0.0967 t2i=0.0638
task=3 role=clean          seed=    1234 n_lang=25 L31: a2i=0.0685 a2t=0.1140 a2it=0.1254 t2i=0.0642
task=3 role=clean          seed=    2026 n_lang=25 L31: a2i=0.0569 a2t=0.0995 a2it=0.1049 t2i=0.0650
task=3 role=clean          seed=   31337 n_lang=25 L31: a2i=0.0812 a2t=0.1092 a2it=0.1077 t2i=0.0732
task=3 role=poison         seed=      11 n_lang=25 L31: a2i=0.0569 a2t=0.0803 a2it=0.0871 t2i=0.0593
task=3 role=poison         seed=      43 n_lang=25 L31: a2i=0.0458 a2t=0.0868 a2it=0.1032 t2i=0.0582
task=3 role=poison         seed=    1337 n_lang=25 L31: a2i=0.0572 a2t=0.0812 a2it=0.0940 t2i=0.0565
task=3 role=poison         seed=    2027 n_lang=25 L31: a2i=0.0599 a2t=0.0837 a2it=0.0925 t2i=0.0559
task=3 role=poison         seed=   31338 n_lang=25 L31: a2i=0.0513 a2t=0.0696 a2it=0.0782 t2i=0.0560
task=3 role=decoy_ketchup  seed=       6 n_lang=25 L31: a2i=0.0711 a2t=0.0976 a2it=0.1090 t2i=0.0735
task=3 role=decoy_ketchup  seed=     100 n_lang=25 L31: a2i=0.0624 a2t=0.1077 a2it=0.1063 t2i=0.0740
task=3 role=decoy_ketchup  seed=     555 n_lang=25 L31: a2i=0.0684 a2t=0.0787 a2it=0.0795 t2i=0.0730
task=3 role=decoy_ketchup  seed=    8888 n_lang=25 L31: a2i=0.0646 a2t=0.0891 a2it=0.0910 t2i=0.0806
task=3 role=decoy_ketchup  seed=   24680 n_lang=25 L31: a2i=0.0591 a2t=0.0907 a2it=0.0978 t2i=0.0733
task=3 role=decoy_milk     seed=       8 n_lang=25 L31: a2i=0.0581 a2t=0.1121 a2it=0.1147 t2i=0.0688
task=3 role=decoy_milk     seed=     101 n_lang=25 L31: a2i=0.0431 a2t=0.0956 a2it=0.0985 t2i=0.0602
task=3 role=decoy_milk     seed=     556 n_lang=25 L31: a2i=0.0603 a2t=0.0908 a2it=0.0924 t2i=0.0659
task=3 role=decoy_milk     seed=    8889 n_lang=25 L31: a2i=0.0573 a2t=0.0984 a2it=0.1031 t2i=0.0735
task=3 role=decoy_milk     seed=   24681 n_lang=25 L31: a2i=0.0667 a2t=0.1072 a2it=0.1153 t2i=0.0682
task=4 role=clean          seed=       7 n_lang=23 L31: a2i=0.0526 a2t=0.1071 a2it=0.1041 t2i=0.0776
task=4 role=clean          seed=      42 n_lang=23 L31: a2i=0.0581 a2t=0.1068 a2it=0.1086 t2i=0.0725
task=4 role=clean          seed=    1234 n_lang=23 L31: a2i=0.0594 a2t=0.1113 a2it=0.1143 t2i=0.0804
task=4 role=clean          seed=    2026 n_lang=23 L31: a2i=0.0514 a2t=0.0915 a2it=0.0924 t2i=0.0784
task=4 role=clean          seed=   31337 n_lang=23 L31: a2i=0.0637 a2t=0.1107 a2it=0.1110 t2i=0.0737
task=4 role=poison         seed=      11 n_lang=23 L31: a2i=0.0577 a2t=0.0872 a2it=0.0978 t2i=0.0620
task=4 role=poison         seed=      43 n_lang=23 L31: a2i=0.0570 a2t=0.0861 a2it=0.0866 t2i=0.0611
task=4 role=poison         seed=    1337 n_lang=23 L31: a2i=0.0515 a2t=0.0805 a2it=0.0770 t2i=0.0573
task=4 role=poison         seed=    2027 n_lang=23 L31: a2i=0.0583 a2t=0.0897 a2it=0.0943 t2i=0.0623
task=4 role=poison         seed=   31338 n_lang=23 L31: a2i=0.0473 a2t=0.0757 a2it=0.0892 t2i=0.0523
task=4 role=decoy_ketchup  seed=       6 n_lang=23 L31: a2i=0.0740 a2t=0.1024 a2it=0.1011 t2i=0.0826
task=4 role=decoy_ketchup  seed=     100 n_lang=23 L31: a2i=0.0720 a2t=0.0985 a2it=0.1051 t2i=0.0806
task=4 role=decoy_ketchup  seed=     555 n_lang=23 L31: a2i=0.0664 a2t=0.1107 a2it=0.1149 t2i=0.0941
task=4 role=decoy_ketchup  seed=    8888 n_lang=23 L31: a2i=0.0715 a2t=0.0989 a2it=0.1113 t2i=0.0879
task=4 role=decoy_ketchup  seed=   24680 n_lang=23 L31: a2i=0.0683 a2t=0.0932 a2it=0.0987 t2i=0.0936
task=4 role=decoy_milk     seed=       8 n_lang=23 L31: a2i=0.0534 a2t=0.1007 a2it=0.1062 t2i=0.0732
task=4 role=decoy_milk     seed=     101 n_lang=23 L31: a2i=0.0655 a2t=0.1309 a2it=0.1396 t2i=0.0862
task=4 role=decoy_milk     seed=     556 n_lang=23 L31: a2i=0.0627 a2t=0.1080 a2it=0.1166 t2i=0.0742
task=4 role=decoy_milk     seed=    8889 n_lang=23 L31: a2i=0.0583 a2t=0.1113 a2it=0.1140 t2i=0.0765
task=4 role=decoy_milk     seed=   24681 n_lang=23 L31: a2i=0.0739 a2t=0.1088 a2it=0.1091 t2i=0.0811
task=5 role=clean          seed=       7 n_lang=24 L31: a2i=0.0741 a2t=0.1012 a2it=0.1033 t2i=0.0800
task=5 role=clean          seed=      42 n_lang=24 L31: a2i=0.0553 a2t=0.1029 a2it=0.0957 t2i=0.0757
task=5 role=clean          seed=    1234 n_lang=24 L31: a2i=0.0736 a2t=0.0957 a2it=0.0973 t2i=0.0757
task=5 role=clean          seed=    2026 n_lang=24 L31: a2i=0.0672 a2t=0.0975 a2it=0.0989 t2i=0.0723
task=5 role=clean          seed=   31337 n_lang=24 L31: a2i=0.0609 a2t=0.0918 a2it=0.0948 t2i=0.0746
task=5 role=poison         seed=      11 n_lang=24 L31: a2i=0.0601 a2t=0.0927 a2it=0.0949 t2i=0.0552
task=5 role=poison         seed=      43 n_lang=24 L31: a2i=0.0678 a2t=0.0698 a2it=0.0784 t2i=0.0607
task=5 role=poison         seed=    1337 n_lang=24 L31: a2i=0.0605 a2t=0.0738 a2it=0.0824 t2i=0.0528
task=5 role=poison         seed=    2027 n_lang=24 L31: a2i=0.0517 a2t=0.0841 a2it=0.0903 t2i=0.0527
task=5 role=poison         seed=   31338 n_lang=24 L31: a2i=0.0640 a2t=0.0811 a2it=0.0832 t2i=0.0538
task=5 role=decoy_ketchup  seed=       6 n_lang=24 L31: a2i=0.0606 a2t=0.1094 a2it=0.1217 t2i=0.0699
task=5 role=decoy_ketchup  seed=     100 n_lang=24 L31: a2i=0.0609 a2t=0.0794 a2it=0.0824 t2i=0.0767
task=5 role=decoy_ketchup  seed=     555 n_lang=24 L31: a2i=0.0677 a2t=0.0976 a2it=0.1139 t2i=0.0679
task=5 role=decoy_ketchup  seed=    8888 n_lang=24 L31: a2i=0.0721 a2t=0.1055 a2it=0.1094 t2i=0.0812
task=5 role=decoy_ketchup  seed=   24680 n_lang=24 L31: a2i=0.0627 a2t=0.0862 a2it=0.0940 t2i=0.0720
task=5 role=decoy_milk     seed=       8 n_lang=24 L31: a2i=0.0632 a2t=0.1070 a2it=0.1087 t2i=0.0764
task=5 role=decoy_milk     seed=     101 n_lang=24 L31: a2i=0.0575 a2t=0.0899 a2it=0.0905 t2i=0.0712
task=5 role=decoy_milk     seed=     556 n_lang=24 L31: a2i=0.0642 a2t=0.1040 a2it=0.1063 t2i=0.0779
task=5 role=decoy_milk     seed=    8889 n_lang=24 L31: a2i=0.0655 a2t=0.1023 a2it=0.1023 t2i=0.0709
task=5 role=decoy_milk     seed=   24681 n_lang=24 L31: a2i=0.0700 a2t=0.0922 a2it=0.0934 t2i=0.0801
task=6 role=clean          seed=       7 n_lang=24 L31: a2i=0.0626 a2t=0.1188 a2it=0.1212 t2i=0.0735
task=6 role=clean          seed=      42 n_lang=24 L31: a2i=0.0615 a2t=0.1009 a2it=0.0969 t2i=0.0804
task=6 role=clean          seed=    1234 n_lang=24 L31: a2i=0.0725 a2t=0.0993 a2it=0.1018 t2i=0.0752
task=6 role=clean          seed=    2026 n_lang=24 L31: a2i=0.0600 a2t=0.1184 a2it=0.1193 t2i=0.0747
task=6 role=clean          seed=   31337 n_lang=24 L31: a2i=0.0539 a2t=0.0999 a2it=0.1022 t2i=0.0837
task=6 role=poison         seed=      11 n_lang=24 L31: a2i=0.0559 a2t=0.0862 a2it=0.0840 t2i=0.0607
task=6 role=poison         seed=      43 n_lang=24 L31: a2i=0.0544 a2t=0.0869 a2it=0.0969 t2i=0.0564
task=6 role=poison         seed=    1337 n_lang=24 L31: a2i=0.0644 a2t=0.0919 a2it=0.0814 t2i=0.0572
task=6 role=poison         seed=    2027 n_lang=24 L31: a2i=0.0595 a2t=0.0951 a2it=0.0858 t2i=0.0575
task=6 role=poison         seed=   31338 n_lang=24 L31: a2i=0.0552 a2t=0.0792 a2it=0.0882 t2i=0.0544
task=6 role=decoy_ketchup  seed=       6 n_lang=24 L31: a2i=0.0563 a2t=0.1126 a2it=0.1210 t2i=0.0797
task=6 role=decoy_ketchup  seed=     100 n_lang=24 L31: a2i=0.0555 a2t=0.1008 a2it=0.0968 t2i=0.0761
task=6 role=decoy_ketchup  seed=     555 n_lang=24 L31: a2i=0.0620 a2t=0.1134 a2it=0.1138 t2i=0.0781
task=6 role=decoy_ketchup  seed=    8888 n_lang=24 L31: a2i=0.0749 a2t=0.1060 a2it=0.1058 t2i=0.0801
task=6 role=decoy_ketchup  seed=   24680 n_lang=24 L31: a2i=0.0584 a2t=0.1113 a2it=0.1177 t2i=0.0782
task=6 role=decoy_milk     seed=       8 n_lang=24 L31: a2i=0.0604 a2t=0.1019 a2it=0.1110 t2i=0.0699
task=6 role=decoy_milk     seed=     101 n_lang=24 L31: a2i=0.0605 a2t=0.1058 a2it=0.1127 t2i=0.0737
task=6 role=decoy_milk     seed=     556 n_lang=24 L31: a2i=0.0645 a2t=0.1008 a2it=0.1053 t2i=0.0726
task=6 role=decoy_milk     seed=    8889 n_lang=24 L31: a2i=0.0719 a2t=0.1105 a2it=0.1084 t2i=0.0820
task=6 role=decoy_milk     seed=   24681 n_lang=24 L31: a2i=0.0591 a2t=0.1046 a2it=0.1052 t2i=0.0693
task=7 role=clean          seed=       7 n_lang=19 L31: a2i=0.0581 a2t=0.0996 a2it=0.1060 t2i=0.0875
task=7 role=clean          seed=      42 n_lang=19 L31: a2i=0.0646 a2t=0.1166 a2it=0.1178 t2i=0.0977
task=7 role=clean          seed=    1234 n_lang=19 L31: a2i=0.0661 a2t=0.1091 a2it=0.1136 t2i=0.0847
task=7 role=clean          seed=    2026 n_lang=19 L31: a2i=0.0588 a2t=0.1065 a2it=0.1089 t2i=0.0781
task=7 role=clean          seed=   31337 n_lang=19 L31: a2i=0.0469 a2t=0.0965 a2it=0.1009 t2i=0.0817
task=7 role=poison         seed=      11 n_lang=19 L31: a2i=0.0460 a2t=0.0957 a2it=0.0941 t2i=0.0650
task=7 role=poison         seed=      43 n_lang=19 L31: a2i=0.0480 a2t=0.0994 a2it=0.0972 t2i=0.0559
task=7 role=poison         seed=    1337 n_lang=19 L31: a2i=0.0497 a2t=0.0939 a2it=0.0874 t2i=0.0547
task=7 role=poison         seed=    2027 n_lang=19 L31: a2i=0.0445 a2t=0.0953 a2it=0.0919 t2i=0.0623
task=7 role=poison         seed=   31338 n_lang=19 L31: a2i=0.0421 a2t=0.0781 a2it=0.0746 t2i=0.0570
task=7 role=decoy_ketchup  seed=       6 n_lang=19 L31: a2i=0.0841 a2t=0.1021 a2it=0.1047 t2i=0.1007
task=7 role=decoy_ketchup  seed=     100 n_lang=19 L31: a2i=0.0893 a2t=0.1135 a2it=0.1113 t2i=0.0986
task=7 role=decoy_ketchup  seed=     555 n_lang=19 L31: a2i=0.0809 a2t=0.1036 a2it=0.1076 t2i=0.0927
task=7 role=decoy_ketchup  seed=    8888 n_lang=19 L31: a2i=0.0665 a2t=0.1196 a2it=0.1244 t2i=0.0934
task=7 role=decoy_ketchup  seed=   24680 n_lang=19 L31: a2i=0.0783 a2t=0.1093 a2it=0.1147 t2i=0.0869
task=7 role=decoy_milk     seed=       8 n_lang=19 L31: a2i=0.0642 a2t=0.1044 a2it=0.1052 t2i=0.0845
task=7 role=decoy_milk     seed=     101 n_lang=19 L31: a2i=0.0785 a2t=0.0973 a2it=0.0977 t2i=0.0831
task=7 role=decoy_milk     seed=     556 n_lang=19 L31: a2i=0.0692 a2t=0.1042 a2it=0.1049 t2i=0.0888
task=7 role=decoy_milk     seed=    8889 n_lang=19 L31: a2i=0.0764 a2t=0.1079 a2it=0.1175 t2i=0.0929
task=7 role=decoy_milk     seed=   24681 n_lang=19 L31: a2i=0.0705 a2t=0.0906 a2it=0.0949 t2i=0.0774
task=8 role=clean          seed=       7 n_lang=21 L31: a2i=0.0597 a2t=0.1089 a2it=0.1115 t2i=0.0831
task=8 role=clean          seed=      42 n_lang=21 L31: a2i=0.0527 a2t=0.1026 a2it=0.0987 t2i=0.0819
task=8 role=clean          seed=    1234 n_lang=21 L31: a2i=0.0666 a2t=0.1151 a2it=0.1158 t2i=0.0822
task=8 role=clean          seed=    2026 n_lang=21 L31: a2i=0.0486 a2t=0.0963 a2it=0.1005 t2i=0.0696
task=8 role=clean          seed=   31337 n_lang=21 L31: a2i=0.0472 a2t=0.1071 a2it=0.1028 t2i=0.0793
task=8 role=poison         seed=      11 n_lang=21 L31: a2i=0.0583 a2t=0.0938 a2it=0.1004 t2i=0.0583
task=8 role=poison         seed=      43 n_lang=21 L31: a2i=0.0479 a2t=0.0812 a2it=0.0835 t2i=0.0652
task=8 role=poison         seed=    1337 n_lang=21 L31: a2i=0.0523 a2t=0.0920 a2it=0.0937 t2i=0.0596
task=8 role=poison         seed=    2027 n_lang=21 L31: a2i=0.0505 a2t=0.0829 a2it=0.0816 t2i=0.0570
task=8 role=poison         seed=   31338 n_lang=21 L31: a2i=0.0534 a2t=0.0816 a2it=0.0905 t2i=0.0547
task=8 role=decoy_ketchup  seed=       6 n_lang=21 L31: a2i=0.0510 a2t=0.1097 a2it=0.1210 t2i=0.0749
task=8 role=decoy_ketchup  seed=     100 n_lang=21 L31: a2i=0.0541 a2t=0.0789 a2it=0.0769 t2i=0.0808
task=8 role=decoy_ketchup  seed=     555 n_lang=21 L31: a2i=0.0511 a2t=0.0953 a2it=0.0951 t2i=0.0852
task=8 role=decoy_ketchup  seed=    8888 n_lang=21 L31: a2i=0.0622 a2t=0.1071 a2it=0.1129 t2i=0.0831
task=8 role=decoy_ketchup  seed=   24680 n_lang=21 L31: a2i=0.0631 a2t=0.1083 a2it=0.1122 t2i=0.0875
task=8 role=decoy_milk     seed=       8 n_lang=21 L31: a2i=0.0511 a2t=0.0892 a2it=0.1046 t2i=0.0734
task=8 role=decoy_milk     seed=     101 n_lang=21 L31: a2i=0.0735 a2t=0.1117 a2it=0.1249 t2i=0.0761
task=8 role=decoy_milk     seed=     556 n_lang=21 L31: a2i=0.0500 a2t=0.1033 a2it=0.1112 t2i=0.0793
task=8 role=decoy_milk     seed=    8889 n_lang=21 L31: a2i=0.0525 a2t=0.1146 a2it=0.1171 t2i=0.0718
task=8 role=decoy_milk     seed=   24681 n_lang=21 L31: a2i=0.0632 a2t=0.0968 a2it=0.1023 t2i=0.0664
task=9 role=clean          seed=       7 n_lang=23 L31: a2i=0.0597 a2t=0.1080 a2it=0.1106 t2i=0.0941
task=9 role=clean          seed=      42 n_lang=23 L31: a2i=0.0680 a2t=0.1043 a2it=0.1065 t2i=0.0916
task=9 role=clean          seed=    1234 n_lang=23 L31: a2i=0.0557 a2t=0.1106 a2it=0.1061 t2i=0.0807
task=9 role=clean          seed=    2026 n_lang=23 L31: a2i=0.0495 a2t=0.0927 a2it=0.0952 t2i=0.0693
task=9 role=clean          seed=   31337 n_lang=23 L31: a2i=0.0550 a2t=0.1010 a2it=0.1085 t2i=0.0895
task=9 role=poison         seed=      11 n_lang=23 L31: a2i=0.0496 a2t=0.0692 a2it=0.0723 t2i=0.0589
task=9 role=poison         seed=      43 n_lang=23 L31: a2i=0.0688 a2t=0.0619 a2it=0.0721 t2i=0.0608
task=9 role=poison         seed=    1337 n_lang=23 L31: a2i=0.0483 a2t=0.0649 a2it=0.0670 t2i=0.0533
task=9 role=poison         seed=    2027 n_lang=23 L31: a2i=0.0528 a2t=0.0595 a2it=0.0584 t2i=0.0624
task=9 role=poison         seed=   31338 n_lang=23 L31: a2i=0.0449 a2t=0.0643 a2it=0.0687 t2i=0.0570
task=9 role=decoy_ketchup  seed=       6 n_lang=23 L31: a2i=0.0668 a2t=0.0795 a2it=0.0826 t2i=0.0851
task=9 role=decoy_ketchup  seed=     100 n_lang=23 L31: a2i=0.0580 a2t=0.0786 a2it=0.0743 t2i=0.0880
task=9 role=decoy_ketchup  seed=     555 n_lang=23 L31: a2i=0.0646 a2t=0.0871 a2it=0.0954 t2i=0.0887
task=9 role=decoy_ketchup  seed=    8888 n_lang=23 L31: a2i=0.0616 a2t=0.0884 a2it=0.0953 t2i=0.0903
task=9 role=decoy_ketchup  seed=   24680 n_lang=23 L31: a2i=0.0614 a2t=0.0990 a2it=0.1026 t2i=0.0830
task=9 role=decoy_milk     seed=       8 n_lang=23 L31: a2i=0.0615 a2t=0.0872 a2it=0.0844 t2i=0.0805
task=9 role=decoy_milk     seed=     101 n_lang=23 L31: a2i=0.0653 a2t=0.0805 a2it=0.0886 t2i=0.0842
task=9 role=decoy_milk     seed=     556 n_lang=23 L31: a2i=0.0650 a2t=0.0901 a2it=0.0913 t2i=0.0858
task=9 role=decoy_milk     seed=    8889 n_lang=23 L31: a2i=0.0730 a2t=0.1108 a2it=0.1119 t2i=0.0826
task=9 role=decoy_milk     seed=   24681 n_lang=23 L31: a2i=0.0750 a2t=0.1017 a2it=0.1053 t2i=0.0805

Saved 200 samples -> /home/grads/nsamptur/vla_bkd_def/GoBA_attack/attn_maps/goba_action_query_ftt.npz
