Saved 250 scenes -> /home/grads/nsamptur/vla_bkd_def/GoBA_attack/attn_maps/norm_based_attribution.npz

==============================================================================
WEIGHT-BASED vs NORM-BASED F-NORM STATISTIC (same formula, same rows)
==============================================================================
statistic                  |   poison |  ketchup |    milk |  spec. gap
------------------------------------------------------------------------
L16 text  WEIGHT (T2IS)    |   0.6068 |   0.7124 |  0.7548 |    -0.1480
L16 text  NORM  (ours)     |   0.6416 |   0.7560 |  0.7476 |    -0.1144
L16 action WEIGHT          |   0.7000 |   0.8516 |  0.6388 |    -0.1516
L16 action NORM  (ours)    |   0.6624 |   0.8528 |  0.5988 |    -0.1904
------------------------------------------------------------------------
L24 text  WEIGHT (T2IS)    |   0.6864 |   0.5036 |  0.7368 |    -0.0504
L24 text  NORM  (ours)     |   0.7112 |   0.5296 |  0.7184 |    -0.0072
L24 action WEIGHT          |   0.6636 |   0.6092 |  0.6144 |    +0.0492
L24 action NORM  (ours)    |   0.6888 |   0.6032 |  0.6300 |    +0.0588
------------------------------------------------------------------------
L27 text  WEIGHT (T2IS)    |   0.7260 |   0.7468 |  0.6084 |    -0.0208
L27 text  NORM  (ours)     |   0.6776 |   0.7568 |  0.5860 |    -0.0792
L27 action WEIGHT          |   0.6268 |   0.5204 |  0.5924 |    +0.0344
L27 action NORM  (ours)    |   0.6168 |   0.5140 |  0.6052 |    +0.0116
------------------------------------------------------------------------
L31 text  WEIGHT (T2IS)    |   0.9280 |   0.6888 |  0.5616 |    +0.2392
L31 text  NORM  (ours)     |   0.9420 |   0.6952 |  0.5328 |    +0.2468
L31 action WEIGHT          |   0.5644 |   0.8124 |  0.7096 |    -0.2480
L31 action NORM  (ours)    |   0.5880 |   0.8496 |  0.6764 |    -0.2616
------------------------------------------------------------------------

Per-layer detection AUROC (poison vs clean), text rows: weight vs norm
layer   weight     norm   layer   weight     norm
    0    0.738    0.772      16    0.607    0.642   
    1    0.995    0.992      17    0.628    0.681   
    2    0.725    0.770      18    0.773    0.762   
    3    0.933    0.934      19    0.880    0.895   
    4    0.976    0.692      20    0.573    0.601   
    5    0.634    0.558      21    0.506    0.582   
    6    0.762    0.776      22    0.544    0.514   
    7    0.607    0.676      23    0.862    0.872   
    8    0.639    0.668      24    0.686    0.711   
    9    0.686    0.663      25    0.946    0.938   
   10    0.786    0.789      26    0.527    0.554   
   11    0.786    0.848      27    0.726    0.678   
   12    0.562    0.521      28    0.748    0.723   
   13    0.682    0.686      29    0.735    0.702   
   14    0.660    0.684      30    0.567    0.547   
   15    0.574    0.568      31    0.928    0.942   

==============================================================================
TRIGGER LOCALIZATION top-1 hit-rate (chance=6.2%), per-DoF maps pooled
==============================================================================
map type                     |  POISON hit% |  clean hit%
------------------------------------------------------------
weight  L27                  |       100.0% |        0.0%
norm    L27                  |       100.0% |        0.0%
weight  L31                  |        46.0% |        2.0%
norm    L31                  |        66.0% |        2.0%
logit-attribution L31 (+)    |        28.0% |        0.0%

ACTION-LOGIT ATTRIBUTION detector (share of |attribution| on argmax patch):
statistic                  |   poison |  ketchup |    milk |  spec. gap
------------------------------------------------------------------------
attrib max-patch share     |   0.5208 |   0.7460 |  0.5980 |    -0.2252
attrib total magnitude     |   0.7292 |   0.7296 |  0.7428 |    -0.0136
