==============================================================================
FINAL TRANSFER VERDICT after new runs A (BadVLA traj) + B (AttackVLA AQ)
==============================================================================

## AttackVLA action-query concentration (n=300, layers=32)
band                     |   fullvsC |    visvsC |  fullvsVIS
mix {0}                  | 0.500u | 0.500u | 0.500u
compress {8,16,24,27}    | 0.744d | 0.862d | 0.786u
refine {31}              | 0.726d | 0.634d | 0.644d
all mean                 | 0.507u | 0.641d | 0.916u

Per-layer action-query concentration (full vs clean / vis vs clean / full vs vis):
 L00  full-C=0.500u  vis-C=0.500u  full-vis=0.500
 L01  full-C=0.906d  vis-C=0.806d  full-vis=0.971
 L02  full-C=0.720d  vis-C=0.611u  full-vis=0.996
 L03  full-C=1.000d  vis-C=0.989d  full-vis=0.997
 L04  full-C=1.000d  vis-C=0.951d  full-vis=1.000
 L05  full-C=0.979d  vis-C=0.951d  full-vis=0.702
 L06  full-C=0.887d  vis-C=0.937d  full-vis=0.665
 L07  full-C=1.000d  vis-C=0.739d  full-vis=1.000
 L08* full-C=1.000d  vis-C=0.970d  full-vis=1.000
 L09  full-C=1.000d  vis-C=0.965d  full-vis=0.992
 L10  full-C=0.932d  vis-C=0.916d  full-vis=0.580
 L11  full-C=0.774u  vis-C=0.814u  full-vis=0.649
 L12  full-C=0.847d  vis-C=0.750d  full-vis=0.691
 L13  full-C=0.538d  vis-C=0.581u  full-vis=0.663
 L14  full-C=0.782u  vis-C=0.545u  full-vis=0.886
 L15  full-C=1.000u  vis-C=0.883u  full-vis=0.986
 L16* full-C=0.836u  vis-C=0.697d  full-vis=0.993
 L17  full-C=0.537u  vis-C=0.542d  full-vis=0.660
 L18  full-C=0.601u  vis-C=0.602d  full-vis=0.943
 L19  full-C=0.669u  vis-C=0.907d  full-vis=0.999
 L20  full-C=0.893u  vis-C=0.615u  full-vis=0.964
 L21  full-C=0.910u  vis-C=0.751u  full-vis=0.994
 L22  full-C=0.966u  vis-C=0.770u  full-vis=0.995
 L23  full-C=0.854d  vis-C=0.766d  full-vis=0.827
 L24* full-C=0.700d  vis-C=0.816d  full-vis=0.779
 L25  full-C=0.773u  vis-C=0.572d  full-vis=0.938
 L26  full-C=0.523d  vis-C=0.633u  full-vis=0.841
 L27* full-C=0.927d  vis-C=0.712d  full-vis=0.908
 L28  full-C=0.853d  vis-C=0.754d  full-vis=0.887
 L29  full-C=0.602d  vis-C=0.528d  full-vis=0.639
 L30  full-C=0.991d  vis-C=0.794d  full-vis=0.983
 L31  full-C=0.726d  vis-C=0.634d  full-vis=0.644

Deploy compress-band (dir=down thr=0.1838) held-out tasks 5-9:
  full         fire=0.0%  mean=0.2506
  clean        fire=0.0%  mean=0.2689
  visual_only  fire=0.0%  mean=0.2314

## BadVLA trajectory (40 eps x 20 steps)
  mean conc poison=0.0082 clean=0.1355
  temporal AUROC T=20: 1.0000 down
  lock: DOES NOT transfer (0/20 poison fully locked; dwell AUROC~0.60)

## GO AHEAD WITH

1. BadVLA: action-query / band concentration DETECTS (AUROC 1.0) across rollout
   time -- but SIGN FLIPS (diffuse under trigger). Report as transferable
   *detection*, attack-dependent *direction*.
2. AttackVLA: action-query full vs visual_only -- check numbers above; if strong,
   that's the cross-attack specificity analogue.
3. GoBA attention-LOCK (freeze on trigger while arm moves) is GoBA-specific
   so far -- do NOT claim as universal.


## AttackVLA honest split: pick layer on tasks 0-4 by full-vs-visual gap; report tasks 5-9
selected L4 on tasks 0-4 (full-vs-visual AUROC 1.000)
  sel 0-4: fullvsC=1.000d  visvsC=0.931d  fullvsVIS=1.000d
  held 5-9: fullvsC=1.000d  visvsC=0.971d  fullvsVIS=1.000d
all-layer mean held 5-9:
  fullvsC=0.601u  visvsC=0.566d  fullvsVIS=0.894u


================== RE-VERIFICATION (fresh recompute from npz) ==================
Confirmed:
  GoBA   rollouts: conc poison 0.150 vs clean 0.085  AUROC 1.0 UP,   lock 20/20
  BadVLA rollouts: conc poison 0.008 vs clean 0.136  AUROC 1.0 DOWN, lock 0/20
  AttackVLA band:  full-vs-clean 0.744 down; visual MORE anomalous than full

NEW: TWO-SIDED unified recipe (|robust z| of band concentration vs clean cal,
fire if z>3 in EITHER direction; identical recipe everywhere), held-out tasks:
  GoBA      poison 90%  clean 0%  ketchup 0%  milk 0%
  BadVLA    poison 100% clean 0%
  AttackVLA full 0%     clean 0%  visual 0%   <- still fails (band barely moves)

=> Corrected claim: the two-sided band-concentration recipe transfers across
   GoBA + BadVLA (2/3; both visual triggers) incl. decoy silence on GoBA.
   It does NOT cover AttackVLA's bi-modal trigger. Attention-lock remains
   GoBA-only. 'None transfer unchanged' was too strong for the two-sided form.
