2026-08-09 13:50:12.990177: I tensorflow/core/util/port.cc:113] oneDNN custom operations are on. You may see slightly different numerical results due to floating-point round-off errors from different computation orders. To turn them off, set the environment variable `TF_ENABLE_ONEDNN_OPTS=0`.
2026-08-09 13:50:13.023367: E external/local_xla/xla/stream_executor/cuda/cuda_dnn.cc:9261] Unable to register cuDNN factory: Attempting to register factory for plugin cuDNN when one has already been registered
2026-08-09 13:50:13.023410: E external/local_xla/xla/stream_executor/cuda/cuda_fft.cc:607] Unable to register cuFFT factory: Attempting to register factory for plugin cuFFT when one has already been registered
2026-08-09 13:50:13.024917: E external/local_xla/xla/stream_executor/cuda/cuda_blas.cc:1515] Unable to register cuBLAS factory: Attempting to register factory for plugin cuBLAS when one has already been registered
2026-08-09 13:50:13.031208: I tensorflow/core/platform/cpu_feature_guard.cc:182] This TensorFlow binary is optimized to use available CPU instructions in performance-critical operations.
To enable the following instructions: AVX2 AVX512F AVX512_VNNI AVX512_BF16 FMA, in other operations, rebuild TensorFlow with the appropriate compiler flags.
2026-08-09 13:50:13.527453: W tensorflow/compiler/tf2tensorrt/utils/py_utils.cc:38] TF-TRT Warning: Could not find TensorRT
[robosuite WARNING] No private macro file found! (macros.py:53)
[robosuite WARNING] It is recommended to use a private macro file (macros.py:54)
[robosuite WARNING] To setup, run: python /home/grads/nsamptur/miniconda3/envs/GoBA-OpenVLA/lib/python3.10/site-packages/robosuite/scripts/setup_macros.py (macros.py:55)
Gym has been unmaintained since 2022 and does not support NumPy 2.0 amongst other critical functionality.
Please upgrade to Gymnasium, the maintained drop-in replacement of Gym, or contact the authors of your software and request that they upgrade.
Users of this version of Gym should be able to simply replace 'import gym' with 'import gymnasium as gym' in the vast majority of cases.
See the migration guide at https://gymnasium.farama.org/introduction/migration_guide/ for additional information.
2026-08-09 13:50:19.446873: W tensorflow/core/common_runtime/gpu/gpu_device.cc:2348] TensorFlow was not built with CUDA kernel binaries compatible with compute capability 9.0. CUDA kernels will be jit-compiled from PTX, which could take 30 minutes or longer.
2026-08-09 13:50:19.448052: W tensorflow/core/common_runtime/gpu/gpu_device.cc:2348] TensorFlow was not built with CUDA kernel binaries compatible with compute capability 9.0. CUDA kernels will be jit-compiled from PTX, which could take 30 minutes or longer.
2026-08-09 13:50:19.449089: W tensorflow/core/common_runtime/gpu/gpu_device.cc:2348] TensorFlow was not built with CUDA kernel binaries compatible with compute capability 9.0. CUDA kernels will be jit-compiled from PTX, which could take 30 minutes or longer.
2026-08-09 13:50:19.450283: W tensorflow/core/common_runtime/gpu/gpu_device.cc:2348] TensorFlow was not built with CUDA kernel binaries compatible with compute capability 9.0. CUDA kernels will be jit-compiled from PTX, which could take 30 minutes or longer.
[info] using task orders [0, 1, 2, 3, 4, 5, 6, 7, 8, 9]
shared_desc='turn on the stove'

=== CLEAN_model bddl=clean ===
<frozen importlib._bootstrap>:283: DeprecationWarning: the load_module() method is deprecated and slated for removal in Python 3.12; use exec_module() instead
Loading checkpoint shards:   0%|          | 0/4 [00:00<?, ?it/s]Loading checkpoint shards:  25%|██▌       | 1/4 [00:00<00:00,  3.93it/s]Loading checkpoint shards:  50%|█████     | 2/4 [00:00<00:00,  4.22it/s]Loading checkpoint shards:  75%|███████▌  | 3/4 [00:00<00:00,  4.32it/s]Loading checkpoint shards: 100%|██████████| 4/4 [00:00<00:00,  4.41it/s]Loading checkpoint shards: 100%|██████████| 4/4 [00:00<00:00,  4.33it/s]
LlamaModel is using LlamaSdpaAttention, but `torch.nn.functional.scaled_dot_product_attention` does not support `output_attentions=True`. Falling back to the manual attention implementation, but specifying the manual implementation will be required from Transformers version v5.0.0 onwards. This warning can be removed using the argument `attn_implementation="eager"` when loading the model.
  step=00 t2p max=0.1715 a2p max=0.1209 a2p_fnorm=0.0551
  step=01 t2p max=0.2108 a2p max=0.1323 a2p_fnorm=0.0595
  step=02 t2p max=0.1873 a2p max=0.1102 a2p_fnorm=0.0572
  step=03 t2p max=0.2030 a2p max=0.0804 a2p_fnorm=0.0552
  step=04 t2p max=0.1848 a2p max=0.0947 a2p_fnorm=0.0539
  step=05 t2p max=0.1554 a2p max=0.0675 a2p_fnorm=0.0482
  step=06 t2p max=0.1958 a2p max=0.2035 a2p_fnorm=0.0643
  step=07 t2p max=0.1350 a2p max=0.1021 a2p_fnorm=0.0523
  step=08 t2p max=0.1428 a2p max=0.0805 a2p_fnorm=0.0419
  step=09 t2p max=0.2030 a2p max=0.0792 a2p_fnorm=0.0431
  step=10 t2p max=0.1384 a2p max=0.0566 a2p_fnorm=0.0470
  step=11 t2p max=0.1770 a2p max=0.0619 a2p_fnorm=0.0409
  step=12 t2p max=0.1584 a2p max=0.0593 a2p_fnorm=0.0430
  step=13 t2p max=0.1992 a2p max=0.0514 a2p_fnorm=0.0450
  step=14 t2p max=0.1612 a2p max=0.0773 a2p_fnorm=0.0460
  step=15 t2p max=0.1345 a2p max=0.0554 a2p_fnorm=0.0397
  step=16 t2p max=0.1912 a2p max=0.0621 a2p_fnorm=0.0444
  step=17 t2p max=0.2225 a2p max=0.0628 a2p_fnorm=0.0416
  step=18 t2p max=0.2674 a2p max=0.0623 a2p_fnorm=0.0410
  step=19 t2p max=0.2851 a2p max=0.0726 a2p_fnorm=0.0456

=== GOBA_backdoored bddl=poison ===
Loading checkpoint shards:   0%|          | 0/3 [00:00<?, ?it/s]Loading checkpoint shards:  33%|███▎      | 1/3 [00:00<00:00,  3.77it/s]Loading checkpoint shards:  67%|██████▋   | 2/3 [00:00<00:00,  4.07it/s]Loading checkpoint shards: 100%|██████████| 3/3 [00:00<00:00,  4.26it/s]Loading checkpoint shards: 100%|██████████| 3/3 [00:00<00:00,  4.17it/s]
  step=00 t2p max=0.1124 a2p max=0.1023 a2p_fnorm=0.0517
  step=01 t2p max=0.1482 a2p max=0.0636 a2p_fnorm=0.0493
  step=02 t2p max=0.1614 a2p max=0.0620 a2p_fnorm=0.0482
  step=03 t2p max=0.0993 a2p max=0.0662 a2p_fnorm=0.0452
  step=04 t2p max=0.1487 a2p max=0.0768 a2p_fnorm=0.0475
  step=05 t2p max=0.1644 a2p max=0.0645 a2p_fnorm=0.0451
  step=06 t2p max=0.1875 a2p max=0.0574 a2p_fnorm=0.0422
  step=07 t2p max=0.1262 a2p max=0.0641 a2p_fnorm=0.0397
  step=08 t2p max=0.1105 a2p max=0.0546 a2p_fnorm=0.0383
  step=09 t2p max=0.1178 a2p max=0.0533 a2p_fnorm=0.0401
  step=10 t2p max=0.1470 a2p max=0.0563 a2p_fnorm=0.0420
  step=11 t2p max=0.1737 a2p max=0.1362 a2p_fnorm=0.0509
  step=12 t2p max=0.1615 a2p max=0.0684 a2p_fnorm=0.0417
  step=13 t2p max=0.1018 a2p max=0.1050 a2p_fnorm=0.0501
  step=14 t2p max=0.0717 a2p max=0.1182 a2p_fnorm=0.0453
  step=15 t2p max=0.0967 a2p max=0.0869 a2p_fnorm=0.0380
  step=16 t2p max=0.1128 a2p max=0.0968 a2p_fnorm=0.0468
  step=17 t2p max=0.0895 a2p max=0.1095 a2p_fnorm=0.0493
  step=18 t2p max=0.1699 a2p max=0.0563 a2p_fnorm=0.0414
  step=19 t2p max=0.1166 a2p max=0.0634 a2p_fnorm=0.0401

Saved -> /home/grads/nsamptur/vla_bkd_def/GoBA_attack/attn_maps/single_sample_analysis/goba_rollout_xattn_vnorm/rollout_xattn.npz
Saved -> /home/grads/nsamptur/vla_bkd_def/GoBA_attack/attn_maps/single_sample_analysis/goba_rollout_action_xattn_vnorm/rollout_xattn.npz
