2026-08-09 22:58:14.114439: I tensorflow/core/util/port.cc:113] oneDNN custom operations are on. You may see slightly different numerical results due to floating-point round-off errors from different computation orders. To turn them off, set the environment variable `TF_ENABLE_ONEDNN_OPTS=0`.
2026-08-09 22:58:14.146391: E external/local_xla/xla/stream_executor/cuda/cuda_dnn.cc:9261] Unable to register cuDNN factory: Attempting to register factory for plugin cuDNN when one has already been registered
2026-08-09 22:58:14.146469: E external/local_xla/xla/stream_executor/cuda/cuda_fft.cc:607] Unable to register cuFFT factory: Attempting to register factory for plugin cuFFT when one has already been registered
2026-08-09 22:58:14.147712: E external/local_xla/xla/stream_executor/cuda/cuda_blas.cc:1515] Unable to register cuBLAS factory: Attempting to register factory for plugin cuBLAS when one has already been registered
2026-08-09 22:58:14.153240: I tensorflow/core/platform/cpu_feature_guard.cc:182] This TensorFlow binary is optimized to use available CPU instructions in performance-critical operations.
To enable the following instructions: AVX2 AVX512F AVX512_VNNI AVX512_BF16 FMA, in other operations, rebuild TensorFlow with the appropriate compiler flags.
2026-08-09 22:58:14.749188: W tensorflow/compiler/tf2tensorrt/utils/py_utils.cc:38] TF-TRT Warning: Could not find TensorRT
2026-08-09 22:58:18.053638: W tensorflow/core/common_runtime/gpu/gpu_device.cc:2348] TensorFlow was not built with CUDA kernel binaries compatible with compute capability 9.0. CUDA kernels will be jit-compiled from PTX, which could take 30 minutes or longer.
[robosuite WARNING] No private macro file found! (macros.py:53)
Using LIBERO constants:
  NUM_ACTIONS_CHUNK = 8
  ACTION_DIM = 7
  PROPRIO_DIM = 8
  ACTION_PROPRIO_NORMALIZATION_TYPE = bounds_q99
If needed, manually set the correct constants in `prismatic/vla/constants.py`!
08/09 [22:58:23] WARNING  | >> No private macro file found!         macros.py:53
[robosuite WARNING] It is recommended to use a private macro file (macros.py:54)
                 WARNING  | >> It is recommended to use a private   macros.py:54
                          macro file                                            
[robosuite WARNING] To setup, run: python /home/grads/nsamptur/miniconda3/envs/openvla-oft/lib/python3.10/site-packages/robosuite/scripts/setup_macros.py (macros.py:55)
                 WARNING  | >> To setup, run: python                macros.py:55
                          /home/grads/nsamptur/miniconda3/envs/open             
                          vla-oft/lib/python3.10/site-packages/robo             
                          suite/scripts/setup_macros.py                         
                 INFO     | >> No OpenGL_accelerate      acceleratesupport.py:24
                          module loaded: No module named                        
                          'OpenGL_accelerate'                                   
Gym has been unmaintained since 2022 and does not support NumPy 2.0 amongst other critical functionality.
Please upgrade to Gymnasium, the maintained drop-in replacement of Gym, or contact the authors of your software and request that they upgrade.
Users of this version of Gym should be able to simply replace 'import gym' with 'import gymnasium as gym' in the vast majority of cases.
See the migration guide at https://gymnasium.farama.org/introduction/migration_guide/ for additional information.
Loading BadVLA model...
<frozen importlib._bootstrap>:283: DeprecationWarning: the load_module() method is deprecated and slated for removal in Python 3.12; use exec_module() instead
Loading checkpoint shards:   0%|          | 0/4 [00:00<?, ?it/s]Loading checkpoint shards:  25%|██▌       | 1/4 [00:00<00:00,  4.21it/s]Loading checkpoint shards:  50%|█████     | 2/4 [00:00<00:00,  4.52it/s]Loading checkpoint shards:  75%|███████▌  | 3/4 [00:00<00:00,  4.64it/s]Loading checkpoint shards: 100%|██████████| 4/4 [00:00<00:00,  4.76it/s]Loading checkpoint shards: 100%|██████████| 4/4 [00:00<00:00,  4.66it/s]
NUM_PATCHES=513 layers=32 heads=32
LlamaModel is using LlamaSdpaAttention, but `torch.nn.functional.scaled_dot_product_attention` does not support `output_attentions=True`. Falling back to the manual attention implementation, but specifying the manual implementation will be required from Transformers version v5.0.0 onwards. This warning can be removed using the argument `attn_implementation="eager"` when loading the model.
[info] Applying task order index 0 (permutation: [0, 1, 2, 3, 4, 5, 6, 7, 8, 9]) for benchmark 'libero_goal' (10 tasks).
BadVLA task=0 clean  n_txt=22  FTT_w=0.0327 FTT_qktv=0.0533  Gram_w=6.464 Gram_qktv=5.775
BadVLA task=0 poison n_txt=22  FTT_w=0.0069 FTT_qktv=0.0098  Gram_w=6.315 Gram_qktv=6.150
BadVLA task=1 clean  n_txt=22  FTT_w=0.0310 FTT_qktv=0.0564  Gram_w=6.465 Gram_qktv=5.777
BadVLA task=1 poison n_txt=22  FTT_w=0.0067 FTT_qktv=0.0095  Gram_w=6.322 Gram_qktv=6.163
BadVLA task=2 clean  n_txt=24  FTT_w=0.0323 FTT_qktv=0.0598  Gram_w=6.467 Gram_qktv=5.711
BadVLA task=2 poison n_txt=24  FTT_w=0.0072 FTT_qktv=0.0100  Gram_w=6.299 Gram_qktv=6.138
BadVLA task=3 clean  n_txt=25  FTT_w=0.0342 FTT_qktv=0.0627  Gram_w=6.463 Gram_qktv=5.696
BadVLA task=3 poison n_txt=25  FTT_w=0.0072 FTT_qktv=0.0100  Gram_w=6.298 Gram_qktv=6.131
BadVLA task=4 clean  n_txt=23  FTT_w=0.0380 FTT_qktv=0.0640  Gram_w=6.453 Gram_qktv=5.584
BadVLA task=4 poison n_txt=23  FTT_w=0.0071 FTT_qktv=0.0098  Gram_w=6.305 Gram_qktv=6.146
BadVLA task=5 clean  n_txt=24  FTT_w=0.0358 FTT_qktv=0.0661  Gram_w=6.461 Gram_qktv=5.605
BadVLA task=5 poison n_txt=24  FTT_w=0.0073 FTT_qktv=0.0101  Gram_w=6.293 Gram_qktv=6.126
BadVLA task=6 clean  n_txt=24  FTT_w=0.0333 FTT_qktv=0.0582  Gram_w=6.465 Gram_qktv=5.802
BadVLA task=6 poison n_txt=24  FTT_w=0.0068 FTT_qktv=0.0096  Gram_w=6.315 Gram_qktv=6.158
BadVLA task=7 clean  n_txt=19  FTT_w=0.0290 FTT_qktv=0.0468  Gram_w=6.467 Gram_qktv=5.928
BadVLA task=7 poison n_txt=19  FTT_w=0.0064 FTT_qktv=0.0094  Gram_w=6.336 Gram_qktv=6.169
BadVLA task=8 clean  n_txt=21  FTT_w=0.0299 FTT_qktv=0.0615  Gram_w=6.466 Gram_qktv=5.870
BadVLA task=8 poison n_txt=21  FTT_w=0.0066 FTT_qktv=0.0097  Gram_w=6.326 Gram_qktv=6.155
BadVLA task=9 clean  n_txt=23  FTT_w=0.0270 FTT_qktv=0.0521  Gram_w=6.468 Gram_qktv=5.842
BadVLA task=9 poison n_txt=23  FTT_w=0.0068 FTT_qktv=0.0095  Gram_w=6.314 Gram_qktv=6.163
Traceback (most recent call last):
  File "/home/grads/nsamptur/vla_bkd_def/BadVLA/experiments/robot/libero/run_action_imgtext_qktv_badvla.py", line 219, in <module>
    main()
  File "/home/grads/nsamptur/vla_bkd_def/BadVLA/experiments/robot/libero/run_action_imgtext_qktv_badvla.py", line 212, in main
    map_weight=np.stack([r["map_weight"] for r in records]),
  File "/home/grads/nsamptur/miniconda3/envs/openvla-oft/lib/python3.10/site-packages/numpy/core/shape_base.py", line 449, in stack
    raise ValueError('all input arrays must have the same shape')
ValueError: all input arrays must have the same shape
