2026-08-07 18:42:52.744078: I tensorflow/core/util/port.cc:113] oneDNN custom operations are on. You may see slightly different numerical results due to floating-point round-off errors from different computation orders. To turn them off, set the environment variable `TF_ENABLE_ONEDNN_OPTS=0`.
2026-08-07 18:42:52.775307: E external/local_xla/xla/stream_executor/cuda/cuda_dnn.cc:9261] Unable to register cuDNN factory: Attempting to register factory for plugin cuDNN when one has already been registered
2026-08-07 18:42:52.775365: E external/local_xla/xla/stream_executor/cuda/cuda_fft.cc:607] Unable to register cuFFT factory: Attempting to register factory for plugin cuFFT when one has already been registered
2026-08-07 18:42:52.776613: E external/local_xla/xla/stream_executor/cuda/cuda_blas.cc:1515] Unable to register cuBLAS factory: Attempting to register factory for plugin cuBLAS when one has already been registered
2026-08-07 18:42:52.782068: I tensorflow/core/platform/cpu_feature_guard.cc:182] This TensorFlow binary is optimized to use available CPU instructions in performance-critical operations.
To enable the following instructions: AVX2 AVX512F AVX512_VNNI AVX512_BF16 FMA, in other operations, rebuild TensorFlow with the appropriate compiler flags.
2026-08-07 18:42:53.278674: W tensorflow/compiler/tf2tensorrt/utils/py_utils.cc:38] TF-TRT Warning: Could not find TensorRT
[robosuite WARNING] No private macro file found! (macros.py:53)
[robosuite WARNING] It is recommended to use a private macro file (macros.py:54)
[robosuite WARNING] To setup, run: python /home/grads/nsamptur/miniconda3/envs/openvla-oft/lib/python3.10/site-packages/robosuite/scripts/setup_macros.py (macros.py:55)
Gym has been unmaintained since 2022 and does not support NumPy 2.0 amongst other critical functionality.
Please upgrade to Gymnasium, the maintained drop-in replacement of Gym, or contact the authors of your software and request that they upgrade.
Users of this version of Gym should be able to simply replace 'import gym' with 'import gymnasium as gym' in the vast majority of cases.
See the migration guide at https://gymnasium.farama.org/introduction/migration_guide/ for additional information.
/home/grads/nsamptur/miniconda3/envs/openvla-oft/lib/python3.10/site-packages/transformers/utils/hub.py:124: FutureWarning: Using `TRANSFORMERS_CACHE` is deprecated and will be removed in v5 of Transformers. Use `HF_HOME` instead.
  warnings.warn(
2026-08-07 18:42:58.486890: W tensorflow/core/common_runtime/gpu/gpu_device.cc:2348] TensorFlow was not built with CUDA kernel binaries compatible with compute capability 9.0. CUDA kernels will be jit-compiled from PTX, which could take 30 minutes or longer.
2026-08-07 18:42:58.488347: W tensorflow/core/common_runtime/gpu/gpu_device.cc:2348] TensorFlow was not built with CUDA kernel binaries compatible with compute capability 9.0. CUDA kernels will be jit-compiled from PTX, which could take 30 minutes or longer.
2026-08-07 18:42:58.489248: W tensorflow/core/common_runtime/gpu/gpu_device.cc:2348] TensorFlow was not built with CUDA kernel binaries compatible with compute capability 9.0. CUDA kernels will be jit-compiled from PTX, which could take 30 minutes or longer.
2026-08-07 18:42:58.490412: W tensorflow/core/common_runtime/gpu/gpu_device.cc:2348] TensorFlow was not built with CUDA kernel binaries compatible with compute capability 9.0. CUDA kernels will be jit-compiled from PTX, which could take 30 minutes or longer.
Using LIBERO constants:
  NUM_ACTIONS_CHUNK = 8
  ACTION_DIM = 7
  PROPRIO_DIM = 8
  ACTION_PROPRIO_NORMALIZATION_TYPE = bounds_q99
If needed, manually set the correct constants in `prismatic/vla/constants.py`!
08/07 [18:43:05] INFO     | >> generated new fontManager    font_manager.py:1639
[info] Applying task order index 0 (permutation: [0, 1, 2, 3, 4, 5, 6, 7, 8, 9]) for benchmark 'libero_goal' (10 tasks).
SHARED PROMPT:
In: What action should the robot take to turn on the stove?
Out:

=== Loading clean_oft from moojink/openvla-7b-oft-finetuned-libero-goal ===
<frozen importlib._bootstrap>:283: DeprecationWarning: the load_module() method is deprecated and slated for removal in Python 3.12; use exec_module() instead
Instantiating pretrained VLA policy...
Downloading shards:   0%|          | 0/4 [00:00<?, ?it/s]/home/grads/nsamptur/miniconda3/envs/openvla-oft/lib/python3.10/site-packages/huggingface_hub/file_download.py:1727: DeprecationWarning: hf_xet.download_files() is deprecated. Use XetSession().new_file_download_group().start_download_file() instead.
  xet_get(
Downloading shards:  25%|██▌       | 1/4 [00:10<00:30, 10.32s/it]Downloading shards:  50%|█████     | 2/4 [00:20<00:21, 10.52s/it]Downloading shards:  75%|███████▌  | 3/4 [00:31<00:10, 10.51s/it]Downloading shards: 100%|██████████| 4/4 [00:33<00:00,  7.03s/it]Downloading shards: 100%|██████████| 4/4 [00:33<00:00,  8.29s/it]
Loading checkpoint shards:   0%|          | 0/4 [00:00<?, ?it/s]Loading checkpoint shards:  25%|██▌       | 1/4 [00:00<00:00,  3.38it/s]Loading checkpoint shards:  50%|█████     | 2/4 [00:00<00:00,  3.70it/s]Loading checkpoint shards:  75%|███████▌  | 3/4 [00:00<00:00,  3.81it/s]Loading checkpoint shards: 100%|██████████| 4/4 [00:01<00:00,  3.88it/s]Loading checkpoint shards: 100%|██████████| 4/4 [00:01<00:00,  3.80it/s]
LlamaModel is using LlamaSdpaAttention, but `torch.nn.functional.scaled_dot_product_attention` does not support `output_attentions=True`. Falling back to the manual attention implementation, but specifying the manual implementation will be required from Transformers version v5.0.0 onwards. This warning can be removed using the argument `attn_implementation="eager"` when loading the model.
Loaded model: <class 'transformers_modules.moojink.openvla-7b-oft-finetuned-libero-goal.c2d0f9fbbd82674683b397ff923168a12f6a307b.modeling_prismatic.OpenVLAForActionPrediction'>
  clean_oft/clean_scene: pooled_argmax=38 pooled_max=0.0878  entropy=0.731
  clean_oft/trigger_scene: pooled_argmax=119 pooled_max=0.1205  entropy=0.707

=== Loading badvla_backdoored from /home/grads/nsamptur/vla_bkd_def/BadVLA/vla-scripts/goal_block/trigger_sec/goal_block_stage2_30000_chkpt ===
Instantiating pretrained VLA policy...
Created backup of original config at: /home/grads/nsamptur/vla_bkd_def/BadVLA/vla-scripts/goal_block/trigger_sec/goal_block_stage2_30000_chkpt/config.json.back.20260807_184354
Updated config.json at: /home/grads/nsamptur/vla_bkd_def/BadVLA/vla-scripts/goal_block/trigger_sec/goal_block_stage2_30000_chkpt/config.json
Changes made:
  - Set AutoConfig to "configuration_prismatic.OpenVLAConfig"
  - Set AutoModelForVision2Seq to "modeling_prismatic.OpenVLAForActionPrediction"
Loading checkpoint shards:   0%|          | 0/4 [00:00<?, ?it/s]Loading checkpoint shards:  25%|██▌       | 1/4 [00:00<00:00,  3.08it/s]Loading checkpoint shards:  50%|█████     | 2/4 [00:00<00:00,  3.45it/s]Loading checkpoint shards:  75%|███████▌  | 3/4 [00:00<00:00,  3.63it/s]Loading checkpoint shards: 100%|██████████| 4/4 [00:01<00:00,  3.77it/s]Loading checkpoint shards: 100%|██████████| 4/4 [00:01<00:00,  3.64it/s]
Loaded model: <class 'transformers_modules.goal_block_stage2_30000_chkpt.modeling_prismatic.OpenVLAForActionPrediction'>
  badvla_backdoored/clean_scene: pooled_argmax=38 pooled_max=0.0826  entropy=0.736
  badvla_backdoored/trigger_scene: pooled_argmax=38 pooled_max=0.0055  entropy=0.997

Done. All figures -> /home/grads/nsamptur/vla_bkd_def/GoBA_attack/attn_maps/single_sample_analysis/badvla
