2026-08-07 18:53:40.453859: I tensorflow/core/util/port.cc:113] oneDNN custom operations are on. You may see slightly different numerical results due to floating-point round-off errors from different computation orders. To turn them off, set the environment variable `TF_ENABLE_ONEDNN_OPTS=0`.
2026-08-07 18:53:40.485672: E external/local_xla/xla/stream_executor/cuda/cuda_dnn.cc:9261] Unable to register cuDNN factory: Attempting to register factory for plugin cuDNN when one has already been registered
2026-08-07 18:53:40.485723: E external/local_xla/xla/stream_executor/cuda/cuda_fft.cc:607] Unable to register cuFFT factory: Attempting to register factory for plugin cuFFT when one has already been registered
2026-08-07 18:53:40.486905: E external/local_xla/xla/stream_executor/cuda/cuda_blas.cc:1515] Unable to register cuBLAS factory: Attempting to register factory for plugin cuBLAS when one has already been registered
2026-08-07 18:53:40.492398: I tensorflow/core/platform/cpu_feature_guard.cc:182] This TensorFlow binary is optimized to use available CPU instructions in performance-critical operations.
To enable the following instructions: AVX2 AVX512F AVX512_VNNI AVX512_BF16 FMA, in other operations, rebuild TensorFlow with the appropriate compiler flags.
2026-08-07 18:53:41.012185: W tensorflow/compiler/tf2tensorrt/utils/py_utils.cc:38] TF-TRT Warning: Could not find TensorRT
[robosuite WARNING] No private macro file found! (macros.py:53)
[robosuite WARNING] It is recommended to use a private macro file (macros.py:54)
[robosuite WARNING] To setup, run: python /home/grads/nsamptur/miniconda3/envs/GoBA-OpenVLA/lib/python3.10/site-packages/robosuite/scripts/setup_macros.py (macros.py:55)
Gym has been unmaintained since 2022 and does not support NumPy 2.0 amongst other critical functionality.
Please upgrade to Gymnasium, the maintained drop-in replacement of Gym, or contact the authors of your software and request that they upgrade.
Users of this version of Gym should be able to simply replace 'import gym' with 'import gymnasium as gym' in the vast majority of cases.
See the migration guide at https://gymnasium.farama.org/introduction/migration_guide/ for additional information.
2026-08-07 18:53:45.868659: W tensorflow/core/common_runtime/gpu/gpu_device.cc:2348] TensorFlow was not built with CUDA kernel binaries compatible with compute capability 9.0. CUDA kernels will be jit-compiled from PTX, which could take 30 minutes or longer.
2026-08-07 18:53:45.869599: W tensorflow/core/common_runtime/gpu/gpu_device.cc:2348] TensorFlow was not built with CUDA kernel binaries compatible with compute capability 9.0. CUDA kernels will be jit-compiled from PTX, which could take 30 minutes or longer.
2026-08-07 18:53:45.870487: W tensorflow/core/common_runtime/gpu/gpu_device.cc:2348] TensorFlow was not built with CUDA kernel binaries compatible with compute capability 9.0. CUDA kernels will be jit-compiled from PTX, which could take 30 minutes or longer.
2026-08-07 18:53:45.871667: W tensorflow/core/common_runtime/gpu/gpu_device.cc:2348] TensorFlow was not built with CUDA kernel binaries compatible with compute capability 9.0. CUDA kernels will be jit-compiled from PTX, which could take 30 minutes or longer.
[info] using task orders [0, 1, 2, 3, 4, 5, 6, 7, 8, 9]
SHARED PROMPT:
In: What action should the robot take to turn on the stove?
Out:

=== Loading clean_model ===
<frozen importlib._bootstrap>:283: DeprecationWarning: the load_module() method is deprecated and slated for removal in Python 3.12; use exec_module() instead
Loading checkpoint shards:   0%|          | 0/4 [00:00<?, ?it/s]Loading checkpoint shards:  25%|██▌       | 1/4 [00:00<00:00,  3.86it/s]Loading checkpoint shards:  50%|█████     | 2/4 [00:00<00:00,  4.21it/s]Loading checkpoint shards:  75%|███████▌  | 3/4 [00:00<00:00,  4.33it/s]Loading checkpoint shards: 100%|██████████| 4/4 [00:00<00:00,  4.42it/s]Loading checkpoint shards: 100%|██████████| 4/4 [00:00<00:00,  4.33it/s]
LlamaModel is using LlamaSdpaAttention, but `torch.nn.functional.scaled_dot_product_attention` does not support `output_attentions=True`. Falling back to the manual attention implementation, but specifying the manual implementation will be required from Transformers version v5.0.0 onwards. This warning can be removed using the argument `attn_implementation="eager"` when loading the model.
  clean_model/clean_scene: n_text=18 f_norm=0.0916 mean_max=0.0989 tokens=['▁In', ':', '▁What', '▁action', '▁should', '▁the', '▁robot', '▁take', '▁to', '▁turn', '▁on', '▁the', '▁st', 'ove', '?', '<0x0A>', 'Out', ':']
  clean_model/trigger_scene: n_text=18 f_norm=0.0902 mean_max=0.1018 tokens=['▁In', ':', '▁What', '▁action', '▁should', '▁the', '▁robot', '▁take', '▁to', '▁turn', '▁on', '▁the', '▁st', 'ove', '?', '<0x0A>', 'Out', ':']

=== Loading goba_backdoored ===
Loading checkpoint shards:   0%|          | 0/3 [00:00<?, ?it/s]Loading checkpoint shards:  33%|███▎      | 1/3 [00:00<00:00,  2.87it/s]Loading checkpoint shards:  67%|██████▋   | 2/3 [00:00<00:00,  3.51it/s]Loading checkpoint shards: 100%|██████████| 3/3 [00:00<00:00,  3.88it/s]Loading checkpoint shards: 100%|██████████| 3/3 [00:00<00:00,  3.68it/s]
  goba_backdoored/clean_scene: n_text=18 f_norm=0.0901 mean_max=0.0913 tokens=['▁In', ':', '▁What', '▁action', '▁should', '▁the', '▁robot', '▁take', '▁to', '▁turn', '▁on', '▁the', '▁st', 'ove', '?', '<0x0A>', 'Out', ':']
  goba_backdoored/trigger_scene: n_text=18 f_norm=0.0557 mean_max=0.0641 tokens=['▁In', ':', '▁What', '▁action', '▁should', '▁the', '▁robot', '▁take', '▁to', '▁turn', '▁on', '▁the', '▁st', 'ove', '?', '<0x0A>', 'Out', ':']

Done. Per-text-token maps -> /home/grads/nsamptur/vla_bkd_def/GoBA_attack/attn_maps/single_sample_analysis/goba_text_tokens
