2026-08-08 02:30:13.124281: I tensorflow/core/util/port.cc:113] oneDNN custom operations are on. You may see slightly different numerical results due to floating-point round-off errors from different computation orders. To turn them off, set the environment variable `TF_ENABLE_ONEDNN_OPTS=0`.
2026-08-08 02:30:13.157555: E external/local_xla/xla/stream_executor/cuda/cuda_dnn.cc:9261] Unable to register cuDNN factory: Attempting to register factory for plugin cuDNN when one has already been registered
2026-08-08 02:30:13.157596: E external/local_xla/xla/stream_executor/cuda/cuda_fft.cc:607] Unable to register cuFFT factory: Attempting to register factory for plugin cuFFT when one has already been registered
2026-08-08 02:30:13.159104: E external/local_xla/xla/stream_executor/cuda/cuda_blas.cc:1515] Unable to register cuBLAS factory: Attempting to register factory for plugin cuBLAS when one has already been registered
2026-08-08 02:30:13.165346: I tensorflow/core/platform/cpu_feature_guard.cc:182] This TensorFlow binary is optimized to use available CPU instructions in performance-critical operations.
To enable the following instructions: AVX2 AVX512F AVX512_VNNI AVX512_BF16 FMA, in other operations, rebuild TensorFlow with the appropriate compiler flags.
2026-08-08 02:30:13.659396: W tensorflow/compiler/tf2tensorrt/utils/py_utils.cc:38] TF-TRT Warning: Could not find TensorRT
[robosuite WARNING] No private macro file found! (macros.py:53)
[robosuite WARNING] It is recommended to use a private macro file (macros.py:54)
[robosuite WARNING] To setup, run: python /home/grads/nsamptur/miniconda3/envs/GoBA-OpenVLA/lib/python3.10/site-packages/robosuite/scripts/setup_macros.py (macros.py:55)
Gym has been unmaintained since 2022 and does not support NumPy 2.0 amongst other critical functionality.
Please upgrade to Gymnasium, the maintained drop-in replacement of Gym, or contact the authors of your software and request that they upgrade.
Users of this version of Gym should be able to simply replace 'import gym' with 'import gymnasium as gym' in the vast majority of cases.
See the migration guide at https://gymnasium.farama.org/introduction/migration_guide/ for additional information.
2026-08-08 02:30:19.466823: W tensorflow/core/common_runtime/gpu/gpu_device.cc:2348] TensorFlow was not built with CUDA kernel binaries compatible with compute capability 9.0. CUDA kernels will be jit-compiled from PTX, which could take 30 minutes or longer.
2026-08-08 02:30:19.467732: W tensorflow/core/common_runtime/gpu/gpu_device.cc:2348] TensorFlow was not built with CUDA kernel binaries compatible with compute capability 9.0. CUDA kernels will be jit-compiled from PTX, which could take 30 minutes or longer.
2026-08-08 02:30:19.468697: W tensorflow/core/common_runtime/gpu/gpu_device.cc:2348] TensorFlow was not built with CUDA kernel binaries compatible with compute capability 9.0. CUDA kernels will be jit-compiled from PTX, which could take 30 minutes or longer.
2026-08-08 02:30:19.470253: W tensorflow/core/common_runtime/gpu/gpu_device.cc:2348] TensorFlow was not built with CUDA kernel binaries compatible with compute capability 9.0. CUDA kernels will be jit-compiled from PTX, which could take 30 minutes or longer.
[info] using task orders [0, 1, 2, 3, 4, 5, 6, 7, 8, 9]
shared_desc='turn on the stove'

=== CLEAN_model bddl=clean ===
<frozen importlib._bootstrap>:283: DeprecationWarning: the load_module() method is deprecated and slated for removal in Python 3.12; use exec_module() instead
Loading checkpoint shards:   0%|          | 0/4 [00:00<?, ?it/s]Loading checkpoint shards:  25%|██▌       | 1/4 [00:00<00:00,  3.59it/s]Loading checkpoint shards:  50%|█████     | 2/4 [00:00<00:00,  4.02it/s]Loading checkpoint shards:  75%|███████▌  | 3/4 [00:00<00:00,  4.22it/s]Loading checkpoint shards: 100%|██████████| 4/4 [00:00<00:00,  4.37it/s]Loading checkpoint shards: 100%|██████████| 4/4 [00:00<00:00,  4.23it/s]
LlamaModel is using LlamaSdpaAttention, but `torch.nn.functional.scaled_dot_product_attention` does not support `output_attentions=True`. Falling back to the manual attention implementation, but specifying the manual implementation will be required from Transformers version v5.0.0 onwards. This warning can be removed using the argument `attn_implementation="eager"` when loading the model.
  step=00 a2p max=0.2624 mean_max=0.1103 f_norm=0.0952
  step=01 a2p max=0.1462 mean_max=0.0739 f_norm=0.0711
  step=02 a2p max=0.2351 mean_max=0.0903 f_norm=0.0871
  step=03 a2p max=0.2642 mean_max=0.0981 f_norm=0.0914
  step=04 a2p max=0.2622 mean_max=0.0966 f_norm=0.0923
  step=05 a2p max=0.2582 mean_max=0.0953 f_norm=0.0914
  step=06 a2p max=0.2604 mean_max=0.0954 f_norm=0.0921
  step=07 a2p max=0.2538 mean_max=0.0937 f_norm=0.0930
  step=08 a2p max=0.2275 mean_max=0.0840 f_norm=0.0903
  step=09 a2p max=0.1839 mean_max=0.0845 f_norm=0.0863
  step=10 a2p max=0.1254 mean_max=0.0768 f_norm=0.0799
  step=11 a2p max=0.0980 mean_max=0.0679 f_norm=0.0712
  step=12 a2p max=0.1444 mean_max=0.0694 f_norm=0.0693
  step=13 a2p max=0.0915 mean_max=0.0570 f_norm=0.0620
  step=14 a2p max=0.0895 mean_max=0.0556 f_norm=0.0603
  step=15 a2p max=0.1318 mean_max=0.0563 f_norm=0.0528
  step=16 a2p max=0.0996 mean_max=0.0523 f_norm=0.0517
  step=17 a2p max=0.2171 mean_max=0.0665 f_norm=0.0694
  step=18 a2p max=0.1338 mean_max=0.0577 f_norm=0.0580
  step=19 a2p max=0.0815 mean_max=0.0503 f_norm=0.0522

=== GOBA_backdoored bddl=poison ===
Loading checkpoint shards:   0%|          | 0/3 [00:00<?, ?it/s]Loading checkpoint shards:  33%|███▎      | 1/3 [00:00<00:00,  3.81it/s]Loading checkpoint shards:  67%|██████▋   | 2/3 [00:00<00:00,  4.10it/s]Loading checkpoint shards: 100%|██████████| 3/3 [00:00<00:00,  4.29it/s]Loading checkpoint shards: 100%|██████████| 3/3 [00:00<00:00,  4.20it/s]
  step=00 a2p max=0.1089 mean_max=0.0518 f_norm=0.0457
  step=01 a2p max=0.1027 mean_max=0.0610 f_norm=0.0486
  step=02 a2p max=0.1180 mean_max=0.0630 f_norm=0.0590
  step=03 a2p max=0.0751 mean_max=0.0461 f_norm=0.0379
  step=04 a2p max=0.0846 mean_max=0.0488 f_norm=0.0407
  step=05 a2p max=0.0886 mean_max=0.0495 f_norm=0.0422
  step=06 a2p max=0.0762 mean_max=0.0467 f_norm=0.0379
  step=07 a2p max=0.0681 mean_max=0.0459 f_norm=0.0399
  step=08 a2p max=0.0743 mean_max=0.0465 f_norm=0.0413
  step=09 a2p max=0.0982 mean_max=0.0473 f_norm=0.0421
  step=10 a2p max=0.1488 mean_max=0.0581 f_norm=0.0539
  step=11 a2p max=0.2016 mean_max=0.0653 f_norm=0.0602
  step=12 a2p max=0.1593 mean_max=0.0596 f_norm=0.0601
  step=13 a2p max=0.1154 mean_max=0.0500 f_norm=0.0491
  step=14 a2p max=0.1179 mean_max=0.0503 f_norm=0.0390
  step=15 a2p max=0.1588 mean_max=0.0584 f_norm=0.0513
  step=16 a2p max=0.1311 mean_max=0.0543 f_norm=0.0457
  step=17 a2p max=0.1272 mean_max=0.0552 f_norm=0.0476
  step=18 a2p max=0.0844 mean_max=0.0507 f_norm=0.0413
  step=19 a2p max=0.0735 mean_max=0.0445 f_norm=0.0410

Saved -> /home/grads/nsamptur/vla_bkd_def/GoBA_attack/attn_maps/single_sample_analysis/goba_rollout_action_xattn/rollout_xattn.npz
